CRITICAL - 2026-05-08 08:57:02 --> Error: Class "Dompdf\Dompdf" not found
[Method: GET, Route: home/export/pdf]
in APPPATH\Controllers\Home.php on line 172.
 1 SYSTEMPATH\CodeIgniter.php(951): App\Controllers\Home->exporterPdf()
 2 SYSTEMPATH\CodeIgniter.php(497): CodeIgniter\CodeIgniter->runController(Object(App\Controllers\Home))
 3 SYSTEMPATH\CodeIgniter.php(340): CodeIgniter\CodeIgniter->handleRequest(null, Object(Config\Cache), false)
 4 SYSTEMPATH\Boot.php(417): CodeIgniter\CodeIgniter->run()
 5 SYSTEMPATH\Boot.php(68): CodeIgniter\Boot::runCodeIgniter(Object(CodeIgniter\CodeIgniter))
 6 FCPATH\index.php(59): CodeIgniter\Boot::bootWeb(Object(Config\Paths))
CRITICAL - 2026-05-08 09:03:23 --> Error: Class "Dompdf\Dompdf" not found
[Method: GET, Route: home/export/pdf]
in APPPATH\Controllers\Home.php on line 172.
 1 SYSTEMPATH\CodeIgniter.php(951): App\Controllers\Home->exporterPdf()
 2 SYSTEMPATH\CodeIgniter.php(497): CodeIgniter\CodeIgniter->runController(Object(App\Controllers\Home))
 3 SYSTEMPATH\CodeIgniter.php(340): CodeIgniter\CodeIgniter->handleRequest(null, Object(Config\Cache), false)
 4 SYSTEMPATH\Boot.php(417): CodeIgniter\CodeIgniter->run()
 5 SYSTEMPATH\Boot.php(68): CodeIgniter\Boot::runCodeIgniter(Object(CodeIgniter\CodeIgniter))
 6 FCPATH\index.php(59): CodeIgniter\Boot::bootWeb(Object(Config\Paths))
CRITICAL - 2026-05-08 09:07:27 --> Error: Class "Dompdf\Dompdf" not found
[Method: GET, Route: home/export/pdf]
in APPPATH\Controllers\Home.php on line 172.
 1 SYSTEMPATH\CodeIgniter.php(951): App\Controllers\Home->exporterPdf()
 2 SYSTEMPATH\CodeIgniter.php(497): CodeIgniter\CodeIgniter->runController(Object(App\Controllers\Home))
 3 SYSTEMPATH\CodeIgniter.php(340): CodeIgniter\CodeIgniter->handleRequest(null, Object(Config\Cache), false)
 4 SYSTEMPATH\Boot.php(417): CodeIgniter\CodeIgniter->run()
 5 SYSTEMPATH\Boot.php(68): CodeIgniter\Boot::runCodeIgniter(Object(CodeIgniter\CodeIgniter))
 6 FCPATH\index.php(59): CodeIgniter\Boot::bootWeb(Object(Config\Paths))
CRITICAL - 2026-05-08 09:07:36 --> Error: Class "Dompdf\Dompdf" not found
[Method: GET, Route: home/export/pdf]
in APPPATH\Controllers\Home.php on line 172.
 1 SYSTEMPATH\CodeIgniter.php(951): App\Controllers\Home->exporterPdf()
 2 SYSTEMPATH\CodeIgniter.php(497): CodeIgniter\CodeIgniter->runController(Object(App\Controllers\Home))
 3 SYSTEMPATH\CodeIgniter.php(340): CodeIgniter\CodeIgniter->handleRequest(null, Object(Config\Cache), false)
 4 SYSTEMPATH\Boot.php(417): CodeIgniter\CodeIgniter->run()
 5 SYSTEMPATH\Boot.php(68): CodeIgniter\Boot::runCodeIgniter(Object(CodeIgniter\CodeIgniter))
 6 FCPATH\index.php(59): CodeIgniter\Boot::bootWeb(Object(Config\Paths))
CRITICAL - 2026-05-08 11:14:16 --> CodeIgniter\View\Exceptions\ViewException: Invalid file: "admin.php"
[Method: GET, Route: admin]
in SYSTEMPATH\Exceptions\FrameworkException.php on line 39.
 1 SYSTEMPATH\View\View.php(228): CodeIgniter\Exceptions\FrameworkException::forInvalidFile('admin.php')
 2 SYSTEMPATH\Common.php(1250): CodeIgniter\View\View->render('admin', [], true)
 3 APPPATH\Controllers\Admin.php(12): view('admin')
 4 SYSTEMPATH\CodeIgniter.php(951): App\Controllers\Admin->index()
 5 SYSTEMPATH\CodeIgniter.php(497): CodeIgniter\CodeIgniter->runController(Object(App\Controllers\Admin))
 6 SYSTEMPATH\CodeIgniter.php(340): CodeIgniter\CodeIgniter->handleRequest(null, Object(Config\Cache), false)
 7 SYSTEMPATH\Boot.php(417): CodeIgniter\CodeIgniter->run()
 8 SYSTEMPATH\Boot.php(68): CodeIgniter\Boot::runCodeIgniter(Object(CodeIgniter\CodeIgniter))
 9 FCPATH\index.php(59): CodeIgniter\Boot::bootWeb(Object(Config\Paths))
CRITICAL - 2026-05-08 11:15:31 --> CodeIgniter\View\Exceptions\ViewException: Invalid file: "admin.php"
[Method: GET, Route: admin]
in SYSTEMPATH\Exceptions\FrameworkException.php on line 39.
 1 SYSTEMPATH\View\View.php(228): CodeIgniter\Exceptions\FrameworkException::forInvalidFile('admin.php')
 2 SYSTEMPATH\Common.php(1250): CodeIgniter\View\View->render('admin', [], true)
 3 APPPATH\Controllers\Admin.php(12): view('admin')
 4 SYSTEMPATH\CodeIgniter.php(951): App\Controllers\Admin->index()
 5 SYSTEMPATH\CodeIgniter.php(497): CodeIgniter\CodeIgniter->runController(Object(App\Controllers\Admin))
 6 SYSTEMPATH\CodeIgniter.php(340): CodeIgniter\CodeIgniter->handleRequest(null, Object(Config\Cache), false)
 7 SYSTEMPATH\Boot.php(417): CodeIgniter\CodeIgniter->run()
 8 SYSTEMPATH\Boot.php(68): CodeIgniter\Boot::runCodeIgniter(Object(CodeIgniter\CodeIgniter))
 9 FCPATH\index.php(59): CodeIgniter\Boot::bootWeb(Object(Config\Paths))
CRITICAL - 2026-05-08 11:16:27 --> CodeIgniter\View\Exceptions\ViewException: Invalid file: "admin.php"
[Method: GET, Route: admin]
in SYSTEMPATH\Exceptions\FrameworkException.php on line 39.
 1 SYSTEMPATH\View\View.php(228): CodeIgniter\Exceptions\FrameworkException::forInvalidFile('admin.php')
 2 SYSTEMPATH\Common.php(1250): CodeIgniter\View\View->render('admin', [], true)
 3 APPPATH\Controllers\Admin.php(15): view('admin')
 4 SYSTEMPATH\CodeIgniter.php(951): App\Controllers\Admin->index()
 5 SYSTEMPATH\CodeIgniter.php(497): CodeIgniter\CodeIgniter->runController(Object(App\Controllers\Admin))
 6 SYSTEMPATH\CodeIgniter.php(340): CodeIgniter\CodeIgniter->handleRequest(null, Object(Config\Cache), false)
 7 SYSTEMPATH\Boot.php(417): CodeIgniter\CodeIgniter->run()
 8 SYSTEMPATH\Boot.php(68): CodeIgniter\Boot::runCodeIgniter(Object(CodeIgniter\CodeIgniter))
 9 FCPATH\index.php(59): CodeIgniter\Boot::bootWeb(Object(Config\Paths))
CRITICAL - 2026-05-08 11:17:02 --> CodeIgniter\View\Exceptions\ViewException: Invalid file: "admin.php"
[Method: GET, Route: admin]
in SYSTEMPATH\Exceptions\FrameworkException.php on line 39.
 1 SYSTEMPATH\View\View.php(228): CodeIgniter\Exceptions\FrameworkException::forInvalidFile('admin.php')
 2 SYSTEMPATH\Common.php(1250): CodeIgniter\View\View->render('admin', [], true)
 3 APPPATH\Controllers\Admin.php(15): view('admin')
 4 SYSTEMPATH\CodeIgniter.php(951): App\Controllers\Admin->index()
 5 SYSTEMPATH\CodeIgniter.php(497): CodeIgniter\CodeIgniter->runController(Object(App\Controllers\Admin))
 6 SYSTEMPATH\CodeIgniter.php(340): CodeIgniter\CodeIgniter->handleRequest(null, Object(Config\Cache), false)
 7 SYSTEMPATH\Boot.php(417): CodeIgniter\CodeIgniter->run()
 8 SYSTEMPATH\Boot.php(68): CodeIgniter\Boot::runCodeIgniter(Object(CodeIgniter\CodeIgniter))
 9 FCPATH\index.php(59): CodeIgniter\Boot::bootWeb(Object(Config\Paths))
CRITICAL - 2026-05-08 14:52:33 --> ErrorException: Undefined variable $validation
[Method: GET, Route: /]
in APPPATH\Views\pages\login.php on line 94.
 1 APPPATH\Views\pages\login.php(94): CodeIgniter\Debug\Exceptions->errorHandler(2, 'Undefined variable $validation', 'C:\\Users\\Rova RAKOTOBE\\Documents\\WORK\\S4\\SI\\CodeIgniter\\SI-Regime\\app\\Views\\pages\\login.php', 94)
 2 SYSTEMPATH\View\View.php(240): include('C:\\Users\\Rova RAKOTOBE\\Documents\\WORK\\S4\\SI\\CodeIgniter\\SI-Regime\\app\\Views\\pages\\login.php')
 3 SYSTEMPATH\View\View.php(243): CodeIgniter\View\View->CodeIgniter\View\{closure}()
 4 SYSTEMPATH\Common.php(1250): CodeIgniter\View\View->render('pages/login', [], true)
 5 APPPATH\Controllers\User.php(15): view('pages/login')
 6 SYSTEMPATH\CodeIgniter.php(951): App\Controllers\User->index()
 7 SYSTEMPATH\CodeIgniter.php(497): CodeIgniter\CodeIgniter->runController(Object(App\Controllers\User))
 8 SYSTEMPATH\CodeIgniter.php(340): CodeIgniter\CodeIgniter->handleRequest(null, Object(Config\Cache), false)
 9 SYSTEMPATH\Boot.php(417): CodeIgniter\CodeIgniter->run()
10 SYSTEMPATH\Boot.php(68): CodeIgniter\Boot::runCodeIgniter(Object(CodeIgniter\CodeIgniter))
11 FCPATH\index.php(59): CodeIgniter\Boot::bootWeb(Object(Config\Paths))
CRITICAL - 2026-05-08 14:53:26 --> ErrorException: Undefined variable $validation
[Method: GET, Route: /]
in APPPATH\Views\pages\login.php on line 94.
 1 APPPATH\Views\pages\login.php(94): CodeIgniter\Debug\Exceptions->errorHandler(2, 'Undefined variable $validation', 'C:\\Users\\Rova RAKOTOBE\\Documents\\WORK\\S4\\SI\\CodeIgniter\\SI-Regime\\app\\Views\\pages\\login.php', 94)
 2 SYSTEMPATH\View\View.php(240): include('C:\\Users\\Rova RAKOTOBE\\Documents\\WORK\\S4\\SI\\CodeIgniter\\SI-Regime\\app\\Views\\pages\\login.php')
 3 SYSTEMPATH\View\View.php(243): CodeIgniter\View\View->CodeIgniter\View\{closure}()
 4 SYSTEMPATH\Common.php(1250): CodeIgniter\View\View->render('pages/login', [], true)
 5 APPPATH\Controllers\User.php(15): view('pages/login')
 6 SYSTEMPATH\CodeIgniter.php(951): App\Controllers\User->index()
 7 SYSTEMPATH\CodeIgniter.php(497): CodeIgniter\CodeIgniter->runController(Object(App\Controllers\User))
 8 SYSTEMPATH\CodeIgniter.php(340): CodeIgniter\CodeIgniter->handleRequest(null, Object(Config\Cache), false)
 9 SYSTEMPATH\Boot.php(417): CodeIgniter\CodeIgniter->run()
10 SYSTEMPATH\Boot.php(68): CodeIgniter\Boot::runCodeIgniter(Object(CodeIgniter\CodeIgniter))
11 FCPATH\index.php(59): CodeIgniter\Boot::bootWeb(Object(Config\Paths))
CRITICAL - 2026-05-08 14:53:59 --> ErrorException: Undefined variable $validation
[Method: GET, Route: /]
in APPPATH\Views\pages\login.php on line 94.
 1 APPPATH\Views\pages\login.php(94): CodeIgniter\Debug\Exceptions->errorHandler(2, 'Undefined variable $validation', 'C:\\Users\\Rova RAKOTOBE\\Documents\\WORK\\S4\\SI\\CodeIgniter\\SI-Regime\\app\\Views\\pages\\login.php', 94)
 2 SYSTEMPATH\View\View.php(240): include('C:\\Users\\Rova RAKOTOBE\\Documents\\WORK\\S4\\SI\\CodeIgniter\\SI-Regime\\app\\Views\\pages\\login.php')
 3 SYSTEMPATH\View\View.php(243): CodeIgniter\View\View->CodeIgniter\View\{closure}()
 4 SYSTEMPATH\Common.php(1250): CodeIgniter\View\View->render('pages/login', [], true)
 5 APPPATH\Controllers\User.php(15): view('pages/login')
 6 SYSTEMPATH\CodeIgniter.php(951): App\Controllers\User->index()
 7 SYSTEMPATH\CodeIgniter.php(497): CodeIgniter\CodeIgniter->runController(Object(App\Controllers\User))
 8 SYSTEMPATH\CodeIgniter.php(340): CodeIgniter\CodeIgniter->handleRequest(null, Object(Config\Cache), false)
 9 SYSTEMPATH\Boot.php(417): CodeIgniter\CodeIgniter->run()
10 SYSTEMPATH\Boot.php(68): CodeIgniter\Boot::runCodeIgniter(Object(CodeIgniter\CodeIgniter))
11 FCPATH\index.php(59): CodeIgniter\Boot::bootWeb(Object(Config\Paths))
CRITICAL - 2026-05-08 14:54:32 --> ErrorException: Undefined variable $validation
[Method: GET, Route: /]
in APPPATH\Views\pages\login.php on line 90.
 1 APPPATH\Views\pages\login.php(90): CodeIgniter\Debug\Exceptions->errorHandler(2, 'Undefined variable $validation', 'C:\\Users\\Rova RAKOTOBE\\Documents\\WORK\\S4\\SI\\CodeIgniter\\SI-Regime\\app\\Views\\pages\\login.php', 90)
 2 SYSTEMPATH\View\View.php(240): include('C:\\Users\\Rova RAKOTOBE\\Documents\\WORK\\S4\\SI\\CodeIgniter\\SI-Regime\\app\\Views\\pages\\login.php')
 3 SYSTEMPATH\View\View.php(243): CodeIgniter\View\View->CodeIgniter\View\{closure}()
 4 SYSTEMPATH\Common.php(1250): CodeIgniter\View\View->render('pages/login', [], true)
 5 APPPATH\Controllers\User.php(15): view('pages/login')
 6 SYSTEMPATH\CodeIgniter.php(951): App\Controllers\User->index()
 7 SYSTEMPATH\CodeIgniter.php(497): CodeIgniter\CodeIgniter->runController(Object(App\Controllers\User))
 8 SYSTEMPATH\CodeIgniter.php(340): CodeIgniter\CodeIgniter->handleRequest(null, Object(Config\Cache), false)
 9 SYSTEMPATH\Boot.php(417): CodeIgniter\CodeIgniter->run()
10 SYSTEMPATH\Boot.php(68): CodeIgniter\Boot::runCodeIgniter(Object(CodeIgniter\CodeIgniter))
11 FCPATH\index.php(59): CodeIgniter\Boot::bootWeb(Object(Config\Paths))
CRITICAL - 2026-05-08 14:55:34 --> ErrorException: Undefined variable $validation
[Method: GET, Route: /]
in APPPATH\Views\pages\login.php on line 94.
 1 APPPATH\Views\pages\login.php(94): CodeIgniter\Debug\Exceptions->errorHandler(2, 'Undefined variable $validation', 'C:\\Users\\Rova RAKOTOBE\\Documents\\WORK\\S4\\SI\\CodeIgniter\\SI-Regime\\app\\Views\\pages\\login.php', 94)
 2 SYSTEMPATH\View\View.php(240): include('C:\\Users\\Rova RAKOTOBE\\Documents\\WORK\\S4\\SI\\CodeIgniter\\SI-Regime\\app\\Views\\pages\\login.php')
 3 SYSTEMPATH\View\View.php(243): CodeIgniter\View\View->CodeIgniter\View\{closure}()
 4 SYSTEMPATH\Common.php(1250): CodeIgniter\View\View->render('pages/login', [], true)
 5 APPPATH\Controllers\User.php(15): view('pages/login')
 6 SYSTEMPATH\CodeIgniter.php(951): App\Controllers\User->index()
 7 SYSTEMPATH\CodeIgniter.php(497): CodeIgniter\CodeIgniter->runController(Object(App\Controllers\User))
 8 SYSTEMPATH\CodeIgniter.php(340): CodeIgniter\CodeIgniter->handleRequest(null, Object(Config\Cache), false)
 9 SYSTEMPATH\Boot.php(417): CodeIgniter\CodeIgniter->run()
10 SYSTEMPATH\Boot.php(68): CodeIgniter\Boot::runCodeIgniter(Object(CodeIgniter\CodeIgniter))
11 FCPATH\index.php(59): CodeIgniter\Boot::bootWeb(Object(Config\Paths))
ERROR - 2026-05-08 15:22:15 --> Unknown column 'activites_sportives.intensite' in 'field list'
in SYSTEMPATH\Database\MySQLi\Connection.php on line 300.
 1 SYSTEMPATH\Database\MySQLi\Connection.php(300): mysqli->query('SELECT `regimes`.*, `activites_sportives`.`nom` as `activite_nom`, `activites_sportives`.`intensite`
FROM `regimes`
LEFT JOIN `regime_activites` ON `regime_activites`.`regime_id` = `regimes`.`id`
LEFT JOIN `activites_sportives` ON `activites_sportives`.`id` = `regime_activites`.`activite_id`
WHERE `regimes`.`objectif_id` = 2
ORDER BY `regimes`.`id` ASC', 0)
 2 SYSTEMPATH\Database\BaseConnection.php(910): CodeIgniter\Database\MySQLi\Connection->execute('SELECT `regimes`.*, `activites_sportives`.`nom` as `activite_nom`, `activites_sportives`.`intensite`
FROM `regimes`
LEFT JOIN `regime_activites` ON `regime_activites`.`regime_id` = `regimes`.`id`
LEFT JOIN `activites_sportives` ON `activites_sportives`.`id` = `regime_activites`.`activite_id`
WHERE `regimes`.`objectif_id` = 2
ORDER BY `regimes`.`id` ASC')
 3 SYSTEMPATH\Database\BaseConnection.php(827): CodeIgniter\Database\BaseConnection->simpleQuery('SELECT `regimes`.*, `activites_sportives`.`nom` as `activite_nom`, `activites_sportives`.`intensite`
FROM `regimes`
LEFT JOIN `regime_activites` ON `regime_activites`.`regime_id` = `regimes`.`id`
LEFT JOIN `activites_sportives` ON `activites_sportives`.`id` = `regime_activites`.`activite_id`
WHERE `regimes`.`objectif_id` = 2
ORDER BY `regimes`.`id` ASC')
 4 SYSTEMPATH\Database\BaseBuilder.php(1649): CodeIgniter\Database\BaseConnection->query('SELECT `regimes`.*, `activites_sportives`.`nom` as `activite_nom`, `activites_sportives`.`intensite`
FROM `regimes`
LEFT JOIN `regime_activites` ON `regime_activites`.`regime_id` = `regimes`.`id`
LEFT JOIN `activites_sportives` ON `activites_sportives`.`id` = `regime_activites`.`activite_id`
WHERE `regimes`.`objectif_id` = :regimes.objectif_id:
ORDER BY `regimes`.`id` ASC', [...], false)
 5 APPPATH\Models\RegimeModel.php(29): CodeIgniter\Database\BaseBuilder->get()
 6 APPPATH\Controllers\Home.php(152): App\Models\RegimeModel->getSuggestionForObjectif(2)
 7 APPPATH\Controllers\Home.php(24): App\Controllers\Home->chargerDonneesUtilisateur(6)
 8 SYSTEMPATH\CodeIgniter.php(951): App\Controllers\Home->index()
 9 SYSTEMPATH\CodeIgniter.php(497): CodeIgniter\CodeIgniter->runController(Object(App\Controllers\Home))
10 SYSTEMPATH\CodeIgniter.php(340): CodeIgniter\CodeIgniter->handleRequest(null, Object(Config\Cache), false)
11 SYSTEMPATH\Boot.php(417): CodeIgniter\CodeIgniter->run()
12 SYSTEMPATH\Boot.php(68): CodeIgniter\Boot::runCodeIgniter(Object(CodeIgniter\CodeIgniter))
13 FCPATH\index.php(59): CodeIgniter\Boot::bootWeb(Object(Config\Paths))
CRITICAL - 2026-05-08 15:22:15 --> CodeIgniter\Database\Exceptions\DatabaseException: Unknown column 'activites_sportives.intensite' in 'field list'
[Method: GET, Route: home]
in SYSTEMPATH\Database\BaseConnection.php on line 865.
 1 SYSTEMPATH\Database\BaseBuilder.php(1649): CodeIgniter\Database\BaseConnection->query('SELECT `regimes`.*, `activites_sportives`.`nom` as `activite_nom`, `activites_sportives`.`intensite`
FROM `regimes`
LEFT JOIN `regime_activites` ON `regime_activites`.`regime_id` = `regimes`.`id`
LEFT JOIN `activites_sportives` ON `activites_sportives`.`id` = `regime_activites`.`activite_id`
WHERE `regimes`.`objectif_id` = :regimes.objectif_id:
ORDER BY `regimes`.`id` ASC', [...], false)
 2 APPPATH\Models\RegimeModel.php(29): CodeIgniter\Database\BaseBuilder->get()
 3 APPPATH\Controllers\Home.php(152): App\Models\RegimeModel->getSuggestionForObjectif(2)
 4 APPPATH\Controllers\Home.php(24): App\Controllers\Home->chargerDonneesUtilisateur(6)
 5 SYSTEMPATH\CodeIgniter.php(951): App\Controllers\Home->index()
 6 SYSTEMPATH\CodeIgniter.php(497): CodeIgniter\CodeIgniter->runController(Object(App\Controllers\Home))
 7 SYSTEMPATH\CodeIgniter.php(340): CodeIgniter\CodeIgniter->handleRequest(null, Object(Config\Cache), false)
 8 SYSTEMPATH\Boot.php(417): CodeIgniter\CodeIgniter->run()
 9 SYSTEMPATH\Boot.php(68): CodeIgniter\Boot::runCodeIgniter(Object(CodeIgniter\CodeIgniter))
10 FCPATH\index.php(59): CodeIgniter\Boot::bootWeb(Object(Config\Paths))
CRITICAL - 2026-05-08 15:22:15 --> [Caused by] CodeIgniter\Database\Exceptions\DatabaseException: Unknown column 'activites_sportives.intensite' in 'field list'
in SYSTEMPATH\Database\MySQLi\Connection.php on line 310.
 1 SYSTEMPATH\Database\BaseConnection.php(910): CodeIgniter\Database\MySQLi\Connection->execute('SELECT `regimes`.*, `activites_sportives`.`nom` as `activite_nom`, `activites_sportives`.`intensite`
FROM `regimes`
LEFT JOIN `regime_activites` ON `regime_activites`.`regime_id` = `regimes`.`id`
LEFT JOIN `activites_sportives` ON `activites_sportives`.`id` = `regime_activites`.`activite_id`
WHERE `regimes`.`objectif_id` = 2
ORDER BY `regimes`.`id` ASC')
 2 SYSTEMPATH\Database\BaseConnection.php(827): CodeIgniter\Database\BaseConnection->simpleQuery('SELECT `regimes`.*, `activites_sportives`.`nom` as `activite_nom`, `activites_sportives`.`intensite`
FROM `regimes`
LEFT JOIN `regime_activites` ON `regime_activites`.`regime_id` = `regimes`.`id`
LEFT JOIN `activites_sportives` ON `activites_sportives`.`id` = `regime_activites`.`activite_id`
WHERE `regimes`.`objectif_id` = 2
ORDER BY `regimes`.`id` ASC')
 3 SYSTEMPATH\Database\BaseBuilder.php(1649): CodeIgniter\Database\BaseConnection->query('SELECT `regimes`.*, `activites_sportives`.`nom` as `activite_nom`, `activites_sportives`.`intensite`
FROM `regimes`
LEFT JOIN `regime_activites` ON `regime_activites`.`regime_id` = `regimes`.`id`
LEFT JOIN `activites_sportives` ON `activites_sportives`.`id` = `regime_activites`.`activite_id`
WHERE `regimes`.`objectif_id` = :regimes.objectif_id:
ORDER BY `regimes`.`id` ASC', [...], false)
 4 APPPATH\Models\RegimeModel.php(29): CodeIgniter\Database\BaseBuilder->get()
 5 APPPATH\Controllers\Home.php(152): App\Models\RegimeModel->getSuggestionForObjectif(2)
 6 APPPATH\Controllers\Home.php(24): App\Controllers\Home->chargerDonneesUtilisateur(6)
 7 SYSTEMPATH\CodeIgniter.php(951): App\Controllers\Home->index()
 8 SYSTEMPATH\CodeIgniter.php(497): CodeIgniter\CodeIgniter->runController(Object(App\Controllers\Home))
 9 SYSTEMPATH\CodeIgniter.php(340): CodeIgniter\CodeIgniter->handleRequest(null, Object(Config\Cache), false)
10 SYSTEMPATH\Boot.php(417): CodeIgniter\CodeIgniter->run()
11 SYSTEMPATH\Boot.php(68): CodeIgniter\Boot::runCodeIgniter(Object(CodeIgniter\CodeIgniter))
12 FCPATH\index.php(59): CodeIgniter\Boot::bootWeb(Object(Config\Paths))
CRITICAL - 2026-05-08 15:22:15 --> [Caused by] mysqli_sql_exception: Unknown column 'activites_sportives.intensite' in 'field list'
in SYSTEMPATH\Database\MySQLi\Connection.php on line 300.
 1 SYSTEMPATH\Database\MySQLi\Connection.php(300): mysqli->query('SELECT `regimes`.*, `activites_sportives`.`nom` as `activite_nom`, `activites_sportives`.`intensite`
FROM `regimes`
LEFT JOIN `regime_activites` ON `regime_activites`.`regime_id` = `regimes`.`id`
LEFT JOIN `activites_sportives` ON `activites_sportives`.`id` = `regime_activites`.`activite_id`
WHERE `regimes`.`objectif_id` = 2
ORDER BY `regimes`.`id` ASC', 0)
 2 SYSTEMPATH\Database\BaseConnection.php(910): CodeIgniter\Database\MySQLi\Connection->execute('SELECT `regimes`.*, `activites_sportives`.`nom` as `activite_nom`, `activites_sportives`.`intensite`
FROM `regimes`
LEFT JOIN `regime_activites` ON `regime_activites`.`regime_id` = `regimes`.`id`
LEFT JOIN `activites_sportives` ON `activites_sportives`.`id` = `regime_activites`.`activite_id`
WHERE `regimes`.`objectif_id` = 2
ORDER BY `regimes`.`id` ASC')
 3 SYSTEMPATH\Database\BaseConnection.php(827): CodeIgniter\Database\BaseConnection->simpleQuery('SELECT `regimes`.*, `activites_sportives`.`nom` as `activite_nom`, `activites_sportives`.`intensite`
FROM `regimes`
LEFT JOIN `regime_activites` ON `regime_activites`.`regime_id` = `regimes`.`id`
LEFT JOIN `activites_sportives` ON `activites_sportives`.`id` = `regime_activites`.`activite_id`
WHERE `regimes`.`objectif_id` = 2
ORDER BY `regimes`.`id` ASC')
 4 SYSTEMPATH\Database\BaseBuilder.php(1649): CodeIgniter\Database\BaseConnection->query('SELECT `regimes`.*, `activites_sportives`.`nom` as `activite_nom`, `activites_sportives`.`intensite`
FROM `regimes`
LEFT JOIN `regime_activites` ON `regime_activites`.`regime_id` = `regimes`.`id`
LEFT JOIN `activites_sportives` ON `activites_sportives`.`id` = `regime_activites`.`activite_id`
WHERE `regimes`.`objectif_id` = :regimes.objectif_id:
ORDER BY `regimes`.`id` ASC', [...], false)
 5 APPPATH\Models\RegimeModel.php(29): CodeIgniter\Database\BaseBuilder->get()
 6 APPPATH\Controllers\Home.php(152): App\Models\RegimeModel->getSuggestionForObjectif(2)
 7 APPPATH\Controllers\Home.php(24): App\Controllers\Home->chargerDonneesUtilisateur(6)
 8 SYSTEMPATH\CodeIgniter.php(951): App\Controllers\Home->index()
 9 SYSTEMPATH\CodeIgniter.php(497): CodeIgniter\CodeIgniter->runController(Object(App\Controllers\Home))
10 SYSTEMPATH\CodeIgniter.php(340): CodeIgniter\CodeIgniter->handleRequest(null, Object(Config\Cache), false)
11 SYSTEMPATH\Boot.php(417): CodeIgniter\CodeIgniter->run()
12 SYSTEMPATH\Boot.php(68): CodeIgniter\Boot::runCodeIgniter(Object(CodeIgniter\CodeIgniter))
13 FCPATH\index.php(59): CodeIgniter\Boot::bootWeb(Object(Config\Paths))
ERROR - 2026-05-08 15:22:54 --> Unknown column 'activites_sportives.intensite' in 'field list'
in SYSTEMPATH\Database\MySQLi\Connection.php on line 300.
 1 SYSTEMPATH\Database\MySQLi\Connection.php(300): mysqli->query('SELECT `regimes`.*, `activites_sportives`.`nom` as `activite_nom`, `activites_sportives`.`intensite`
FROM `regimes`
LEFT JOIN `regime_activites` ON `regime_activites`.`regime_id` = `regimes`.`id`
LEFT JOIN `activites_sportives` ON `activites_sportives`.`id` = `regime_activites`.`activite_id`
WHERE `regimes`.`objectif_id` = 2
ORDER BY `regimes`.`id` ASC', 0)
 2 SYSTEMPATH\Database\BaseConnection.php(910): CodeIgniter\Database\MySQLi\Connection->execute('SELECT `regimes`.*, `activites_sportives`.`nom` as `activite_nom`, `activites_sportives`.`intensite`
FROM `regimes`
LEFT JOIN `regime_activites` ON `regime_activites`.`regime_id` = `regimes`.`id`
LEFT JOIN `activites_sportives` ON `activites_sportives`.`id` = `regime_activites`.`activite_id`
WHERE `regimes`.`objectif_id` = 2
ORDER BY `regimes`.`id` ASC')
 3 SYSTEMPATH\Database\BaseConnection.php(827): CodeIgniter\Database\BaseConnection->simpleQuery('SELECT `regimes`.*, `activites_sportives`.`nom` as `activite_nom`, `activites_sportives`.`intensite`
FROM `regimes`
LEFT JOIN `regime_activites` ON `regime_activites`.`regime_id` = `regimes`.`id`
LEFT JOIN `activites_sportives` ON `activites_sportives`.`id` = `regime_activites`.`activite_id`
WHERE `regimes`.`objectif_id` = 2
ORDER BY `regimes`.`id` ASC')
 4 SYSTEMPATH\Database\BaseBuilder.php(1649): CodeIgniter\Database\BaseConnection->query('SELECT `regimes`.*, `activites_sportives`.`nom` as `activite_nom`, `activites_sportives`.`intensite`
FROM `regimes`
LEFT JOIN `regime_activites` ON `regime_activites`.`regime_id` = `regimes`.`id`
LEFT JOIN `activites_sportives` ON `activites_sportives`.`id` = `regime_activites`.`activite_id`
WHERE `regimes`.`objectif_id` = :regimes.objectif_id:
ORDER BY `regimes`.`id` ASC', [...], false)
 5 APPPATH\Models\RegimeModel.php(29): CodeIgniter\Database\BaseBuilder->get()
 6 APPPATH\Controllers\Home.php(152): App\Models\RegimeModel->getSuggestionForObjectif(2)
 7 APPPATH\Controllers\Home.php(24): App\Controllers\Home->chargerDonneesUtilisateur(6)
 8 SYSTEMPATH\CodeIgniter.php(951): App\Controllers\Home->index()
 9 SYSTEMPATH\CodeIgniter.php(497): CodeIgniter\CodeIgniter->runController(Object(App\Controllers\Home))
10 SYSTEMPATH\CodeIgniter.php(340): CodeIgniter\CodeIgniter->handleRequest(null, Object(Config\Cache), false)
11 SYSTEMPATH\Boot.php(417): CodeIgniter\CodeIgniter->run()
12 SYSTEMPATH\Boot.php(68): CodeIgniter\Boot::runCodeIgniter(Object(CodeIgniter\CodeIgniter))
13 FCPATH\index.php(59): CodeIgniter\Boot::bootWeb(Object(Config\Paths))
CRITICAL - 2026-05-08 15:22:54 --> CodeIgniter\Database\Exceptions\DatabaseException: Unknown column 'activites_sportives.intensite' in 'field list'
[Method: GET, Route: home]
in SYSTEMPATH\Database\BaseConnection.php on line 865.
 1 SYSTEMPATH\Database\BaseBuilder.php(1649): CodeIgniter\Database\BaseConnection->query('SELECT `regimes`.*, `activites_sportives`.`nom` as `activite_nom`, `activites_sportives`.`intensite`
FROM `regimes`
LEFT JOIN `regime_activites` ON `regime_activites`.`regime_id` = `regimes`.`id`
LEFT JOIN `activites_sportives` ON `activites_sportives`.`id` = `regime_activites`.`activite_id`
WHERE `regimes`.`objectif_id` = :regimes.objectif_id:
ORDER BY `regimes`.`id` ASC', [...], false)
 2 APPPATH\Models\RegimeModel.php(29): CodeIgniter\Database\BaseBuilder->get()
 3 APPPATH\Controllers\Home.php(152): App\Models\RegimeModel->getSuggestionForObjectif(2)
 4 APPPATH\Controllers\Home.php(24): App\Controllers\Home->chargerDonneesUtilisateur(6)
 5 SYSTEMPATH\CodeIgniter.php(951): App\Controllers\Home->index()
 6 SYSTEMPATH\CodeIgniter.php(497): CodeIgniter\CodeIgniter->runController(Object(App\Controllers\Home))
 7 SYSTEMPATH\CodeIgniter.php(340): CodeIgniter\CodeIgniter->handleRequest(null, Object(Config\Cache), false)
 8 SYSTEMPATH\Boot.php(417): CodeIgniter\CodeIgniter->run()
 9 SYSTEMPATH\Boot.php(68): CodeIgniter\Boot::runCodeIgniter(Object(CodeIgniter\CodeIgniter))
10 FCPATH\index.php(59): CodeIgniter\Boot::bootWeb(Object(Config\Paths))
CRITICAL - 2026-05-08 15:22:54 --> [Caused by] CodeIgniter\Database\Exceptions\DatabaseException: Unknown column 'activites_sportives.intensite' in 'field list'
in SYSTEMPATH\Database\MySQLi\Connection.php on line 310.
 1 SYSTEMPATH\Database\BaseConnection.php(910): CodeIgniter\Database\MySQLi\Connection->execute('SELECT `regimes`.*, `activites_sportives`.`nom` as `activite_nom`, `activites_sportives`.`intensite`
FROM `regimes`
LEFT JOIN `regime_activites` ON `regime_activites`.`regime_id` = `regimes`.`id`
LEFT JOIN `activites_sportives` ON `activites_sportives`.`id` = `regime_activites`.`activite_id`
WHERE `regimes`.`objectif_id` = 2
ORDER BY `regimes`.`id` ASC')
 2 SYSTEMPATH\Database\BaseConnection.php(827): CodeIgniter\Database\BaseConnection->simpleQuery('SELECT `regimes`.*, `activites_sportives`.`nom` as `activite_nom`, `activites_sportives`.`intensite`
FROM `regimes`
LEFT JOIN `regime_activites` ON `regime_activites`.`regime_id` = `regimes`.`id`
LEFT JOIN `activites_sportives` ON `activites_sportives`.`id` = `regime_activites`.`activite_id`
WHERE `regimes`.`objectif_id` = 2
ORDER BY `regimes`.`id` ASC')
 3 SYSTEMPATH\Database\BaseBuilder.php(1649): CodeIgniter\Database\BaseConnection->query('SELECT `regimes`.*, `activites_sportives`.`nom` as `activite_nom`, `activites_sportives`.`intensite`
FROM `regimes`
LEFT JOIN `regime_activites` ON `regime_activites`.`regime_id` = `regimes`.`id`
LEFT JOIN `activites_sportives` ON `activites_sportives`.`id` = `regime_activites`.`activite_id`
WHERE `regimes`.`objectif_id` = :regimes.objectif_id:
ORDER BY `regimes`.`id` ASC', [...], false)
 4 APPPATH\Models\RegimeModel.php(29): CodeIgniter\Database\BaseBuilder->get()
 5 APPPATH\Controllers\Home.php(152): App\Models\RegimeModel->getSuggestionForObjectif(2)
 6 APPPATH\Controllers\Home.php(24): App\Controllers\Home->chargerDonneesUtilisateur(6)
 7 SYSTEMPATH\CodeIgniter.php(951): App\Controllers\Home->index()
 8 SYSTEMPATH\CodeIgniter.php(497): CodeIgniter\CodeIgniter->runController(Object(App\Controllers\Home))
 9 SYSTEMPATH\CodeIgniter.php(340): CodeIgniter\CodeIgniter->handleRequest(null, Object(Config\Cache), false)
10 SYSTEMPATH\Boot.php(417): CodeIgniter\CodeIgniter->run()
11 SYSTEMPATH\Boot.php(68): CodeIgniter\Boot::runCodeIgniter(Object(CodeIgniter\CodeIgniter))
12 FCPATH\index.php(59): CodeIgniter\Boot::bootWeb(Object(Config\Paths))
CRITICAL - 2026-05-08 15:22:54 --> [Caused by] mysqli_sql_exception: Unknown column 'activites_sportives.intensite' in 'field list'
in SYSTEMPATH\Database\MySQLi\Connection.php on line 300.
 1 SYSTEMPATH\Database\MySQLi\Connection.php(300): mysqli->query('SELECT `regimes`.*, `activites_sportives`.`nom` as `activite_nom`, `activites_sportives`.`intensite`
FROM `regimes`
LEFT JOIN `regime_activites` ON `regime_activites`.`regime_id` = `regimes`.`id`
LEFT JOIN `activites_sportives` ON `activites_sportives`.`id` = `regime_activites`.`activite_id`
WHERE `regimes`.`objectif_id` = 2
ORDER BY `regimes`.`id` ASC', 0)
 2 SYSTEMPATH\Database\BaseConnection.php(910): CodeIgniter\Database\MySQLi\Connection->execute('SELECT `regimes`.*, `activites_sportives`.`nom` as `activite_nom`, `activites_sportives`.`intensite`
FROM `regimes`
LEFT JOIN `regime_activites` ON `regime_activites`.`regime_id` = `regimes`.`id`
LEFT JOIN `activites_sportives` ON `activites_sportives`.`id` = `regime_activites`.`activite_id`
WHERE `regimes`.`objectif_id` = 2
ORDER BY `regimes`.`id` ASC')
 3 SYSTEMPATH\Database\BaseConnection.php(827): CodeIgniter\Database\BaseConnection->simpleQuery('SELECT `regimes`.*, `activites_sportives`.`nom` as `activite_nom`, `activites_sportives`.`intensite`
FROM `regimes`
LEFT JOIN `regime_activites` ON `regime_activites`.`regime_id` = `regimes`.`id`
LEFT JOIN `activites_sportives` ON `activites_sportives`.`id` = `regime_activites`.`activite_id`
WHERE `regimes`.`objectif_id` = 2
ORDER BY `regimes`.`id` ASC')
 4 SYSTEMPATH\Database\BaseBuilder.php(1649): CodeIgniter\Database\BaseConnection->query('SELECT `regimes`.*, `activites_sportives`.`nom` as `activite_nom`, `activites_sportives`.`intensite`
FROM `regimes`
LEFT JOIN `regime_activites` ON `regime_activites`.`regime_id` = `regimes`.`id`
LEFT JOIN `activites_sportives` ON `activites_sportives`.`id` = `regime_activites`.`activite_id`
WHERE `regimes`.`objectif_id` = :regimes.objectif_id:
ORDER BY `regimes`.`id` ASC', [...], false)
 5 APPPATH\Models\RegimeModel.php(29): CodeIgniter\Database\BaseBuilder->get()
 6 APPPATH\Controllers\Home.php(152): App\Models\RegimeModel->getSuggestionForObjectif(2)
 7 APPPATH\Controllers\Home.php(24): App\Controllers\Home->chargerDonneesUtilisateur(6)
 8 SYSTEMPATH\CodeIgniter.php(951): App\Controllers\Home->index()
 9 SYSTEMPATH\CodeIgniter.php(497): CodeIgniter\CodeIgniter->runController(Object(App\Controllers\Home))
10 SYSTEMPATH\CodeIgniter.php(340): CodeIgniter\CodeIgniter->handleRequest(null, Object(Config\Cache), false)
11 SYSTEMPATH\Boot.php(417): CodeIgniter\CodeIgniter->run()
12 SYSTEMPATH\Boot.php(68): CodeIgniter\Boot::runCodeIgniter(Object(CodeIgniter\CodeIgniter))
13 FCPATH\index.php(59): CodeIgniter\Boot::bootWeb(Object(Config\Paths))
ERROR - 2026-05-08 15:23:07 --> Unknown column 'activites_sportives.intensite' in 'field list'
in SYSTEMPATH\Database\MySQLi\Connection.php on line 300.
 1 SYSTEMPATH\Database\MySQLi\Connection.php(300): mysqli->query('SELECT `regimes`.*, `activites_sportives`.`nom` as `activite_nom`, `activites_sportives`.`intensite`
FROM `regimes`
LEFT JOIN `regime_activites` ON `regime_activites`.`regime_id` = `regimes`.`id`
LEFT JOIN `activites_sportives` ON `activites_sportives`.`id` = `regime_activites`.`activite_id`
WHERE `regimes`.`objectif_id` = 2
ORDER BY `regimes`.`id` ASC', 0)
 2 SYSTEMPATH\Database\BaseConnection.php(910): CodeIgniter\Database\MySQLi\Connection->execute('SELECT `regimes`.*, `activites_sportives`.`nom` as `activite_nom`, `activites_sportives`.`intensite`
FROM `regimes`
LEFT JOIN `regime_activites` ON `regime_activites`.`regime_id` = `regimes`.`id`
LEFT JOIN `activites_sportives` ON `activites_sportives`.`id` = `regime_activites`.`activite_id`
WHERE `regimes`.`objectif_id` = 2
ORDER BY `regimes`.`id` ASC')
 3 SYSTEMPATH\Database\BaseConnection.php(827): CodeIgniter\Database\BaseConnection->simpleQuery('SELECT `regimes`.*, `activites_sportives`.`nom` as `activite_nom`, `activites_sportives`.`intensite`
FROM `regimes`
LEFT JOIN `regime_activites` ON `regime_activites`.`regime_id` = `regimes`.`id`
LEFT JOIN `activites_sportives` ON `activites_sportives`.`id` = `regime_activites`.`activite_id`
WHERE `regimes`.`objectif_id` = 2
ORDER BY `regimes`.`id` ASC')
 4 SYSTEMPATH\Database\BaseBuilder.php(1649): CodeIgniter\Database\BaseConnection->query('SELECT `regimes`.*, `activites_sportives`.`nom` as `activite_nom`, `activites_sportives`.`intensite`
FROM `regimes`
LEFT JOIN `regime_activites` ON `regime_activites`.`regime_id` = `regimes`.`id`
LEFT JOIN `activites_sportives` ON `activites_sportives`.`id` = `regime_activites`.`activite_id`
WHERE `regimes`.`objectif_id` = :regimes.objectif_id:
ORDER BY `regimes`.`id` ASC', [...], false)
 5 APPPATH\Models\RegimeModel.php(29): CodeIgniter\Database\BaseBuilder->get()
 6 APPPATH\Controllers\Home.php(152): App\Models\RegimeModel->getSuggestionForObjectif(2)
 7 APPPATH\Controllers\Home.php(24): App\Controllers\Home->chargerDonneesUtilisateur(6)
 8 SYSTEMPATH\CodeIgniter.php(951): App\Controllers\Home->index()
 9 SYSTEMPATH\CodeIgniter.php(497): CodeIgniter\CodeIgniter->runController(Object(App\Controllers\Home))
10 SYSTEMPATH\CodeIgniter.php(340): CodeIgniter\CodeIgniter->handleRequest(null, Object(Config\Cache), false)
11 SYSTEMPATH\Boot.php(417): CodeIgniter\CodeIgniter->run()
12 SYSTEMPATH\Boot.php(68): CodeIgniter\Boot::runCodeIgniter(Object(CodeIgniter\CodeIgniter))
13 FCPATH\index.php(59): CodeIgniter\Boot::bootWeb(Object(Config\Paths))
CRITICAL - 2026-05-08 15:23:07 --> CodeIgniter\Database\Exceptions\DatabaseException: Unknown column 'activites_sportives.intensite' in 'field list'
[Method: GET, Route: home]
in SYSTEMPATH\Database\BaseConnection.php on line 865.
 1 SYSTEMPATH\Database\BaseBuilder.php(1649): CodeIgniter\Database\BaseConnection->query('SELECT `regimes`.*, `activites_sportives`.`nom` as `activite_nom`, `activites_sportives`.`intensite`
FROM `regimes`
LEFT JOIN `regime_activites` ON `regime_activites`.`regime_id` = `regimes`.`id`
LEFT JOIN `activites_sportives` ON `activites_sportives`.`id` = `regime_activites`.`activite_id`
WHERE `regimes`.`objectif_id` = :regimes.objectif_id:
ORDER BY `regimes`.`id` ASC', [...], false)
 2 APPPATH\Models\RegimeModel.php(29): CodeIgniter\Database\BaseBuilder->get()
 3 APPPATH\Controllers\Home.php(152): App\Models\RegimeModel->getSuggestionForObjectif(2)
 4 APPPATH\Controllers\Home.php(24): App\Controllers\Home->chargerDonneesUtilisateur(6)
 5 SYSTEMPATH\CodeIgniter.php(951): App\Controllers\Home->index()
 6 SYSTEMPATH\CodeIgniter.php(497): CodeIgniter\CodeIgniter->runController(Object(App\Controllers\Home))
 7 SYSTEMPATH\CodeIgniter.php(340): CodeIgniter\CodeIgniter->handleRequest(null, Object(Config\Cache), false)
 8 SYSTEMPATH\Boot.php(417): CodeIgniter\CodeIgniter->run()
 9 SYSTEMPATH\Boot.php(68): CodeIgniter\Boot::runCodeIgniter(Object(CodeIgniter\CodeIgniter))
10 FCPATH\index.php(59): CodeIgniter\Boot::bootWeb(Object(Config\Paths))
CRITICAL - 2026-05-08 15:23:07 --> [Caused by] CodeIgniter\Database\Exceptions\DatabaseException: Unknown column 'activites_sportives.intensite' in 'field list'
in SYSTEMPATH\Database\MySQLi\Connection.php on line 310.
 1 SYSTEMPATH\Database\BaseConnection.php(910): CodeIgniter\Database\MySQLi\Connection->execute('SELECT `regimes`.*, `activites_sportives`.`nom` as `activite_nom`, `activites_sportives`.`intensite`
FROM `regimes`
LEFT JOIN `regime_activites` ON `regime_activites`.`regime_id` = `regimes`.`id`
LEFT JOIN `activites_sportives` ON `activites_sportives`.`id` = `regime_activites`.`activite_id`
WHERE `regimes`.`objectif_id` = 2
ORDER BY `regimes`.`id` ASC')
 2 SYSTEMPATH\Database\BaseConnection.php(827): CodeIgniter\Database\BaseConnection->simpleQuery('SELECT `regimes`.*, `activites_sportives`.`nom` as `activite_nom`, `activites_sportives`.`intensite`
FROM `regimes`
LEFT JOIN `regime_activites` ON `regime_activites`.`regime_id` = `regimes`.`id`
LEFT JOIN `activites_sportives` ON `activites_sportives`.`id` = `regime_activites`.`activite_id`
WHERE `regimes`.`objectif_id` = 2
ORDER BY `regimes`.`id` ASC')
 3 SYSTEMPATH\Database\BaseBuilder.php(1649): CodeIgniter\Database\BaseConnection->query('SELECT `regimes`.*, `activites_sportives`.`nom` as `activite_nom`, `activites_sportives`.`intensite`
FROM `regimes`
LEFT JOIN `regime_activites` ON `regime_activites`.`regime_id` = `regimes`.`id`
LEFT JOIN `activites_sportives` ON `activites_sportives`.`id` = `regime_activites`.`activite_id`
WHERE `regimes`.`objectif_id` = :regimes.objectif_id:
ORDER BY `regimes`.`id` ASC', [...], false)
 4 APPPATH\Models\RegimeModel.php(29): CodeIgniter\Database\BaseBuilder->get()
 5 APPPATH\Controllers\Home.php(152): App\Models\RegimeModel->getSuggestionForObjectif(2)
 6 APPPATH\Controllers\Home.php(24): App\Controllers\Home->chargerDonneesUtilisateur(6)
 7 SYSTEMPATH\CodeIgniter.php(951): App\Controllers\Home->index()
 8 SYSTEMPATH\CodeIgniter.php(497): CodeIgniter\CodeIgniter->runController(Object(App\Controllers\Home))
 9 SYSTEMPATH\CodeIgniter.php(340): CodeIgniter\CodeIgniter->handleRequest(null, Object(Config\Cache), false)
10 SYSTEMPATH\Boot.php(417): CodeIgniter\CodeIgniter->run()
11 SYSTEMPATH\Boot.php(68): CodeIgniter\Boot::runCodeIgniter(Object(CodeIgniter\CodeIgniter))
12 FCPATH\index.php(59): CodeIgniter\Boot::bootWeb(Object(Config\Paths))
CRITICAL - 2026-05-08 15:23:07 --> [Caused by] mysqli_sql_exception: Unknown column 'activites_sportives.intensite' in 'field list'
in SYSTEMPATH\Database\MySQLi\Connection.php on line 300.
 1 SYSTEMPATH\Database\MySQLi\Connection.php(300): mysqli->query('SELECT `regimes`.*, `activites_sportives`.`nom` as `activite_nom`, `activites_sportives`.`intensite`
FROM `regimes`
LEFT JOIN `regime_activites` ON `regime_activites`.`regime_id` = `regimes`.`id`
LEFT JOIN `activites_sportives` ON `activites_sportives`.`id` = `regime_activites`.`activite_id`
WHERE `regimes`.`objectif_id` = 2
ORDER BY `regimes`.`id` ASC', 0)
 2 SYSTEMPATH\Database\BaseConnection.php(910): CodeIgniter\Database\MySQLi\Connection->execute('SELECT `regimes`.*, `activites_sportives`.`nom` as `activite_nom`, `activites_sportives`.`intensite`
FROM `regimes`
LEFT JOIN `regime_activites` ON `regime_activites`.`regime_id` = `regimes`.`id`
LEFT JOIN `activites_sportives` ON `activites_sportives`.`id` = `regime_activites`.`activite_id`
WHERE `regimes`.`objectif_id` = 2
ORDER BY `regimes`.`id` ASC')
 3 SYSTEMPATH\Database\BaseConnection.php(827): CodeIgniter\Database\BaseConnection->simpleQuery('SELECT `regimes`.*, `activites_sportives`.`nom` as `activite_nom`, `activites_sportives`.`intensite`
FROM `regimes`
LEFT JOIN `regime_activites` ON `regime_activites`.`regime_id` = `regimes`.`id`
LEFT JOIN `activites_sportives` ON `activites_sportives`.`id` = `regime_activites`.`activite_id`
WHERE `regimes`.`objectif_id` = 2
ORDER BY `regimes`.`id` ASC')
 4 SYSTEMPATH\Database\BaseBuilder.php(1649): CodeIgniter\Database\BaseConnection->query('SELECT `regimes`.*, `activites_sportives`.`nom` as `activite_nom`, `activites_sportives`.`intensite`
FROM `regimes`
LEFT JOIN `regime_activites` ON `regime_activites`.`regime_id` = `regimes`.`id`
LEFT JOIN `activites_sportives` ON `activites_sportives`.`id` = `regime_activites`.`activite_id`
WHERE `regimes`.`objectif_id` = :regimes.objectif_id:
ORDER BY `regimes`.`id` ASC', [...], false)
 5 APPPATH\Models\RegimeModel.php(29): CodeIgniter\Database\BaseBuilder->get()
 6 APPPATH\Controllers\Home.php(152): App\Models\RegimeModel->getSuggestionForObjectif(2)
 7 APPPATH\Controllers\Home.php(24): App\Controllers\Home->chargerDonneesUtilisateur(6)
 8 SYSTEMPATH\CodeIgniter.php(951): App\Controllers\Home->index()
 9 SYSTEMPATH\CodeIgniter.php(497): CodeIgniter\CodeIgniter->runController(Object(App\Controllers\Home))
10 SYSTEMPATH\CodeIgniter.php(340): CodeIgniter\CodeIgniter->handleRequest(null, Object(Config\Cache), false)
11 SYSTEMPATH\Boot.php(417): CodeIgniter\CodeIgniter->run()
12 SYSTEMPATH\Boot.php(68): CodeIgniter\Boot::runCodeIgniter(Object(CodeIgniter\CodeIgniter))
13 FCPATH\index.php(59): CodeIgniter\Boot::bootWeb(Object(Config\Paths))
ERROR - 2026-05-08 15:23:28 --> Unknown column 'activites_sportives.intensite' in 'field list'
in SYSTEMPATH\Database\MySQLi\Connection.php on line 300.
 1 SYSTEMPATH\Database\MySQLi\Connection.php(300): mysqli->query('SELECT `regimes`.*, `activites_sportives`.`nom` as `activite_nom`, `activites_sportives`.`intensite`
FROM `regimes`
LEFT JOIN `regime_activites` ON `regime_activites`.`regime_id` = `regimes`.`id`
LEFT JOIN `activites_sportives` ON `activites_sportives`.`id` = `regime_activites`.`activite_id`
WHERE `regimes`.`objectif_id` = 2
ORDER BY `regimes`.`id` ASC', 0)
 2 SYSTEMPATH\Database\BaseConnection.php(910): CodeIgniter\Database\MySQLi\Connection->execute('SELECT `regimes`.*, `activites_sportives`.`nom` as `activite_nom`, `activites_sportives`.`intensite`
FROM `regimes`
LEFT JOIN `regime_activites` ON `regime_activites`.`regime_id` = `regimes`.`id`
LEFT JOIN `activites_sportives` ON `activites_sportives`.`id` = `regime_activites`.`activite_id`
WHERE `regimes`.`objectif_id` = 2
ORDER BY `regimes`.`id` ASC')
 3 SYSTEMPATH\Database\BaseConnection.php(827): CodeIgniter\Database\BaseConnection->simpleQuery('SELECT `regimes`.*, `activites_sportives`.`nom` as `activite_nom`, `activites_sportives`.`intensite`
FROM `regimes`
LEFT JOIN `regime_activites` ON `regime_activites`.`regime_id` = `regimes`.`id`
LEFT JOIN `activites_sportives` ON `activites_sportives`.`id` = `regime_activites`.`activite_id`
WHERE `regimes`.`objectif_id` = 2
ORDER BY `regimes`.`id` ASC')
 4 SYSTEMPATH\Database\BaseBuilder.php(1649): CodeIgniter\Database\BaseConnection->query('SELECT `regimes`.*, `activites_sportives`.`nom` as `activite_nom`, `activites_sportives`.`intensite`
FROM `regimes`
LEFT JOIN `regime_activites` ON `regime_activites`.`regime_id` = `regimes`.`id`
LEFT JOIN `activites_sportives` ON `activites_sportives`.`id` = `regime_activites`.`activite_id`
WHERE `regimes`.`objectif_id` = :regimes.objectif_id:
ORDER BY `regimes`.`id` ASC', [...], false)
 5 APPPATH\Models\RegimeModel.php(29): CodeIgniter\Database\BaseBuilder->get()
 6 APPPATH\Controllers\Home.php(152): App\Models\RegimeModel->getSuggestionForObjectif(2)
 7 APPPATH\Controllers\Home.php(24): App\Controllers\Home->chargerDonneesUtilisateur(6)
 8 SYSTEMPATH\CodeIgniter.php(951): App\Controllers\Home->index()
 9 SYSTEMPATH\CodeIgniter.php(497): CodeIgniter\CodeIgniter->runController(Object(App\Controllers\Home))
10 SYSTEMPATH\CodeIgniter.php(340): CodeIgniter\CodeIgniter->handleRequest(null, Object(Config\Cache), false)
11 SYSTEMPATH\Boot.php(417): CodeIgniter\CodeIgniter->run()
12 SYSTEMPATH\Boot.php(68): CodeIgniter\Boot::runCodeIgniter(Object(CodeIgniter\CodeIgniter))
13 FCPATH\index.php(59): CodeIgniter\Boot::bootWeb(Object(Config\Paths))
CRITICAL - 2026-05-08 15:23:28 --> CodeIgniter\Database\Exceptions\DatabaseException: Unknown column 'activites_sportives.intensite' in 'field list'
[Method: GET, Route: home]
in SYSTEMPATH\Database\BaseConnection.php on line 865.
 1 SYSTEMPATH\Database\BaseBuilder.php(1649): CodeIgniter\Database\BaseConnection->query('SELECT `regimes`.*, `activites_sportives`.`nom` as `activite_nom`, `activites_sportives`.`intensite`
FROM `regimes`
LEFT JOIN `regime_activites` ON `regime_activites`.`regime_id` = `regimes`.`id`
LEFT JOIN `activites_sportives` ON `activites_sportives`.`id` = `regime_activites`.`activite_id`
WHERE `regimes`.`objectif_id` = :regimes.objectif_id:
ORDER BY `regimes`.`id` ASC', [...], false)
 2 APPPATH\Models\RegimeModel.php(29): CodeIgniter\Database\BaseBuilder->get()
 3 APPPATH\Controllers\Home.php(152): App\Models\RegimeModel->getSuggestionForObjectif(2)
 4 APPPATH\Controllers\Home.php(24): App\Controllers\Home->chargerDonneesUtilisateur(6)
 5 SYSTEMPATH\CodeIgniter.php(951): App\Controllers\Home->index()
 6 SYSTEMPATH\CodeIgniter.php(497): CodeIgniter\CodeIgniter->runController(Object(App\Controllers\Home))
 7 SYSTEMPATH\CodeIgniter.php(340): CodeIgniter\CodeIgniter->handleRequest(null, Object(Config\Cache), false)
 8 SYSTEMPATH\Boot.php(417): CodeIgniter\CodeIgniter->run()
 9 SYSTEMPATH\Boot.php(68): CodeIgniter\Boot::runCodeIgniter(Object(CodeIgniter\CodeIgniter))
10 FCPATH\index.php(59): CodeIgniter\Boot::bootWeb(Object(Config\Paths))
CRITICAL - 2026-05-08 15:23:28 --> [Caused by] CodeIgniter\Database\Exceptions\DatabaseException: Unknown column 'activites_sportives.intensite' in 'field list'
in SYSTEMPATH\Database\MySQLi\Connection.php on line 310.
 1 SYSTEMPATH\Database\BaseConnection.php(910): CodeIgniter\Database\MySQLi\Connection->execute('SELECT `regimes`.*, `activites_sportives`.`nom` as `activite_nom`, `activites_sportives`.`intensite`
FROM `regimes`
LEFT JOIN `regime_activites` ON `regime_activites`.`regime_id` = `regimes`.`id`
LEFT JOIN `activites_sportives` ON `activites_sportives`.`id` = `regime_activites`.`activite_id`
WHERE `regimes`.`objectif_id` = 2
ORDER BY `regimes`.`id` ASC')
 2 SYSTEMPATH\Database\BaseConnection.php(827): CodeIgniter\Database\BaseConnection->simpleQuery('SELECT `regimes`.*, `activites_sportives`.`nom` as `activite_nom`, `activites_sportives`.`intensite`
FROM `regimes`
LEFT JOIN `regime_activites` ON `regime_activites`.`regime_id` = `regimes`.`id`
LEFT JOIN `activites_sportives` ON `activites_sportives`.`id` = `regime_activites`.`activite_id`
WHERE `regimes`.`objectif_id` = 2
ORDER BY `regimes`.`id` ASC')
 3 SYSTEMPATH\Database\BaseBuilder.php(1649): CodeIgniter\Database\BaseConnection->query('SELECT `regimes`.*, `activites_sportives`.`nom` as `activite_nom`, `activites_sportives`.`intensite`
FROM `regimes`
LEFT JOIN `regime_activites` ON `regime_activites`.`regime_id` = `regimes`.`id`
LEFT JOIN `activites_sportives` ON `activites_sportives`.`id` = `regime_activites`.`activite_id`
WHERE `regimes`.`objectif_id` = :regimes.objectif_id:
ORDER BY `regimes`.`id` ASC', [...], false)
 4 APPPATH\Models\RegimeModel.php(29): CodeIgniter\Database\BaseBuilder->get()
 5 APPPATH\Controllers\Home.php(152): App\Models\RegimeModel->getSuggestionForObjectif(2)
 6 APPPATH\Controllers\Home.php(24): App\Controllers\Home->chargerDonneesUtilisateur(6)
 7 SYSTEMPATH\CodeIgniter.php(951): App\Controllers\Home->index()
 8 SYSTEMPATH\CodeIgniter.php(497): CodeIgniter\CodeIgniter->runController(Object(App\Controllers\Home))
 9 SYSTEMPATH\CodeIgniter.php(340): CodeIgniter\CodeIgniter->handleRequest(null, Object(Config\Cache), false)
10 SYSTEMPATH\Boot.php(417): CodeIgniter\CodeIgniter->run()
11 SYSTEMPATH\Boot.php(68): CodeIgniter\Boot::runCodeIgniter(Object(CodeIgniter\CodeIgniter))
12 FCPATH\index.php(59): CodeIgniter\Boot::bootWeb(Object(Config\Paths))
CRITICAL - 2026-05-08 15:23:28 --> [Caused by] mysqli_sql_exception: Unknown column 'activites_sportives.intensite' in 'field list'
in SYSTEMPATH\Database\MySQLi\Connection.php on line 300.
 1 SYSTEMPATH\Database\MySQLi\Connection.php(300): mysqli->query('SELECT `regimes`.*, `activites_sportives`.`nom` as `activite_nom`, `activites_sportives`.`intensite`
FROM `regimes`
LEFT JOIN `regime_activites` ON `regime_activites`.`regime_id` = `regimes`.`id`
LEFT JOIN `activites_sportives` ON `activites_sportives`.`id` = `regime_activites`.`activite_id`
WHERE `regimes`.`objectif_id` = 2
ORDER BY `regimes`.`id` ASC', 0)
 2 SYSTEMPATH\Database\BaseConnection.php(910): CodeIgniter\Database\MySQLi\Connection->execute('SELECT `regimes`.*, `activites_sportives`.`nom` as `activite_nom`, `activites_sportives`.`intensite`
FROM `regimes`
LEFT JOIN `regime_activites` ON `regime_activites`.`regime_id` = `regimes`.`id`
LEFT JOIN `activites_sportives` ON `activites_sportives`.`id` = `regime_activites`.`activite_id`
WHERE `regimes`.`objectif_id` = 2
ORDER BY `regimes`.`id` ASC')
 3 SYSTEMPATH\Database\BaseConnection.php(827): CodeIgniter\Database\BaseConnection->simpleQuery('SELECT `regimes`.*, `activites_sportives`.`nom` as `activite_nom`, `activites_sportives`.`intensite`
FROM `regimes`
LEFT JOIN `regime_activites` ON `regime_activites`.`regime_id` = `regimes`.`id`
LEFT JOIN `activites_sportives` ON `activites_sportives`.`id` = `regime_activites`.`activite_id`
WHERE `regimes`.`objectif_id` = 2
ORDER BY `regimes`.`id` ASC')
 4 SYSTEMPATH\Database\BaseBuilder.php(1649): CodeIgniter\Database\BaseConnection->query('SELECT `regimes`.*, `activites_sportives`.`nom` as `activite_nom`, `activites_sportives`.`intensite`
FROM `regimes`
LEFT JOIN `regime_activites` ON `regime_activites`.`regime_id` = `regimes`.`id`
LEFT JOIN `activites_sportives` ON `activites_sportives`.`id` = `regime_activites`.`activite_id`
WHERE `regimes`.`objectif_id` = :regimes.objectif_id:
ORDER BY `regimes`.`id` ASC', [...], false)
 5 APPPATH\Models\RegimeModel.php(29): CodeIgniter\Database\BaseBuilder->get()
 6 APPPATH\Controllers\Home.php(152): App\Models\RegimeModel->getSuggestionForObjectif(2)
 7 APPPATH\Controllers\Home.php(24): App\Controllers\Home->chargerDonneesUtilisateur(6)
 8 SYSTEMPATH\CodeIgniter.php(951): App\Controllers\Home->index()
 9 SYSTEMPATH\CodeIgniter.php(497): CodeIgniter\CodeIgniter->runController(Object(App\Controllers\Home))
10 SYSTEMPATH\CodeIgniter.php(340): CodeIgniter\CodeIgniter->handleRequest(null, Object(Config\Cache), false)
11 SYSTEMPATH\Boot.php(417): CodeIgniter\CodeIgniter->run()
12 SYSTEMPATH\Boot.php(68): CodeIgniter\Boot::runCodeIgniter(Object(CodeIgniter\CodeIgniter))
13 FCPATH\index.php(59): CodeIgniter\Boot::bootWeb(Object(Config\Paths))
ERROR - 2026-05-08 15:23:34 --> Unknown column 'activites_sportives.intensite' in 'field list'
in SYSTEMPATH\Database\MySQLi\Connection.php on line 300.
 1 SYSTEMPATH\Database\MySQLi\Connection.php(300): mysqli->query('SELECT `regimes`.*, `activites_sportives`.`nom` as `activite_nom`, `activites_sportives`.`intensite`
FROM `regimes`
LEFT JOIN `regime_activites` ON `regime_activites`.`regime_id` = `regimes`.`id`
LEFT JOIN `activites_sportives` ON `activites_sportives`.`id` = `regime_activites`.`activite_id`
WHERE `regimes`.`objectif_id` = 2
ORDER BY `regimes`.`id` ASC', 0)
 2 SYSTEMPATH\Database\BaseConnection.php(910): CodeIgniter\Database\MySQLi\Connection->execute('SELECT `regimes`.*, `activites_sportives`.`nom` as `activite_nom`, `activites_sportives`.`intensite`
FROM `regimes`
LEFT JOIN `regime_activites` ON `regime_activites`.`regime_id` = `regimes`.`id`
LEFT JOIN `activites_sportives` ON `activites_sportives`.`id` = `regime_activites`.`activite_id`
WHERE `regimes`.`objectif_id` = 2
ORDER BY `regimes`.`id` ASC')
 3 SYSTEMPATH\Database\BaseConnection.php(827): CodeIgniter\Database\BaseConnection->simpleQuery('SELECT `regimes`.*, `activites_sportives`.`nom` as `activite_nom`, `activites_sportives`.`intensite`
FROM `regimes`
LEFT JOIN `regime_activites` ON `regime_activites`.`regime_id` = `regimes`.`id`
LEFT JOIN `activites_sportives` ON `activites_sportives`.`id` = `regime_activites`.`activite_id`
WHERE `regimes`.`objectif_id` = 2
ORDER BY `regimes`.`id` ASC')
 4 SYSTEMPATH\Database\BaseBuilder.php(1649): CodeIgniter\Database\BaseConnection->query('SELECT `regimes`.*, `activites_sportives`.`nom` as `activite_nom`, `activites_sportives`.`intensite`
FROM `regimes`
LEFT JOIN `regime_activites` ON `regime_activites`.`regime_id` = `regimes`.`id`
LEFT JOIN `activites_sportives` ON `activites_sportives`.`id` = `regime_activites`.`activite_id`
WHERE `regimes`.`objectif_id` = :regimes.objectif_id:
ORDER BY `regimes`.`id` ASC', [...], false)
 5 APPPATH\Models\RegimeModel.php(29): CodeIgniter\Database\BaseBuilder->get()
 6 APPPATH\Controllers\Home.php(152): App\Models\RegimeModel->getSuggestionForObjectif(2)
 7 APPPATH\Controllers\Home.php(24): App\Controllers\Home->chargerDonneesUtilisateur(6)
 8 SYSTEMPATH\CodeIgniter.php(951): App\Controllers\Home->index()
 9 SYSTEMPATH\CodeIgniter.php(497): CodeIgniter\CodeIgniter->runController(Object(App\Controllers\Home))
10 SYSTEMPATH\CodeIgniter.php(340): CodeIgniter\CodeIgniter->handleRequest(null, Object(Config\Cache), false)
11 SYSTEMPATH\Boot.php(417): CodeIgniter\CodeIgniter->run()
12 SYSTEMPATH\Boot.php(68): CodeIgniter\Boot::runCodeIgniter(Object(CodeIgniter\CodeIgniter))
13 FCPATH\index.php(59): CodeIgniter\Boot::bootWeb(Object(Config\Paths))
CRITICAL - 2026-05-08 15:23:34 --> CodeIgniter\Database\Exceptions\DatabaseException: Unknown column 'activites_sportives.intensite' in 'field list'
[Method: GET, Route: home]
in SYSTEMPATH\Database\BaseConnection.php on line 865.
 1 SYSTEMPATH\Database\BaseBuilder.php(1649): CodeIgniter\Database\BaseConnection->query('SELECT `regimes`.*, `activites_sportives`.`nom` as `activite_nom`, `activites_sportives`.`intensite`
FROM `regimes`
LEFT JOIN `regime_activites` ON `regime_activites`.`regime_id` = `regimes`.`id`
LEFT JOIN `activites_sportives` ON `activites_sportives`.`id` = `regime_activites`.`activite_id`
WHERE `regimes`.`objectif_id` = :regimes.objectif_id:
ORDER BY `regimes`.`id` ASC', [...], false)
 2 APPPATH\Models\RegimeModel.php(29): CodeIgniter\Database\BaseBuilder->get()
 3 APPPATH\Controllers\Home.php(152): App\Models\RegimeModel->getSuggestionForObjectif(2)
 4 APPPATH\Controllers\Home.php(24): App\Controllers\Home->chargerDonneesUtilisateur(6)
 5 SYSTEMPATH\CodeIgniter.php(951): App\Controllers\Home->index()
 6 SYSTEMPATH\CodeIgniter.php(497): CodeIgniter\CodeIgniter->runController(Object(App\Controllers\Home))
 7 SYSTEMPATH\CodeIgniter.php(340): CodeIgniter\CodeIgniter->handleRequest(null, Object(Config\Cache), false)
 8 SYSTEMPATH\Boot.php(417): CodeIgniter\CodeIgniter->run()
 9 SYSTEMPATH\Boot.php(68): CodeIgniter\Boot::runCodeIgniter(Object(CodeIgniter\CodeIgniter))
10 FCPATH\index.php(59): CodeIgniter\Boot::bootWeb(Object(Config\Paths))
CRITICAL - 2026-05-08 15:23:34 --> [Caused by] CodeIgniter\Database\Exceptions\DatabaseException: Unknown column 'activites_sportives.intensite' in 'field list'
in SYSTEMPATH\Database\MySQLi\Connection.php on line 310.
 1 SYSTEMPATH\Database\BaseConnection.php(910): CodeIgniter\Database\MySQLi\Connection->execute('SELECT `regimes`.*, `activites_sportives`.`nom` as `activite_nom`, `activites_sportives`.`intensite`
FROM `regimes`
LEFT JOIN `regime_activites` ON `regime_activites`.`regime_id` = `regimes`.`id`
LEFT JOIN `activites_sportives` ON `activites_sportives`.`id` = `regime_activites`.`activite_id`
WHERE `regimes`.`objectif_id` = 2
ORDER BY `regimes`.`id` ASC')
 2 SYSTEMPATH\Database\BaseConnection.php(827): CodeIgniter\Database\BaseConnection->simpleQuery('SELECT `regimes`.*, `activites_sportives`.`nom` as `activite_nom`, `activites_sportives`.`intensite`
FROM `regimes`
LEFT JOIN `regime_activites` ON `regime_activites`.`regime_id` = `regimes`.`id`
LEFT JOIN `activites_sportives` ON `activites_sportives`.`id` = `regime_activites`.`activite_id`
WHERE `regimes`.`objectif_id` = 2
ORDER BY `regimes`.`id` ASC')
 3 SYSTEMPATH\Database\BaseBuilder.php(1649): CodeIgniter\Database\BaseConnection->query('SELECT `regimes`.*, `activites_sportives`.`nom` as `activite_nom`, `activites_sportives`.`intensite`
FROM `regimes`
LEFT JOIN `regime_activites` ON `regime_activites`.`regime_id` = `regimes`.`id`
LEFT JOIN `activites_sportives` ON `activites_sportives`.`id` = `regime_activites`.`activite_id`
WHERE `regimes`.`objectif_id` = :regimes.objectif_id:
ORDER BY `regimes`.`id` ASC', [...], false)
 4 APPPATH\Models\RegimeModel.php(29): CodeIgniter\Database\BaseBuilder->get()
 5 APPPATH\Controllers\Home.php(152): App\Models\RegimeModel->getSuggestionForObjectif(2)
 6 APPPATH\Controllers\Home.php(24): App\Controllers\Home->chargerDonneesUtilisateur(6)
 7 SYSTEMPATH\CodeIgniter.php(951): App\Controllers\Home->index()
 8 SYSTEMPATH\CodeIgniter.php(497): CodeIgniter\CodeIgniter->runController(Object(App\Controllers\Home))
 9 SYSTEMPATH\CodeIgniter.php(340): CodeIgniter\CodeIgniter->handleRequest(null, Object(Config\Cache), false)
10 SYSTEMPATH\Boot.php(417): CodeIgniter\CodeIgniter->run()
11 SYSTEMPATH\Boot.php(68): CodeIgniter\Boot::runCodeIgniter(Object(CodeIgniter\CodeIgniter))
12 FCPATH\index.php(59): CodeIgniter\Boot::bootWeb(Object(Config\Paths))
CRITICAL - 2026-05-08 15:23:34 --> [Caused by] mysqli_sql_exception: Unknown column 'activites_sportives.intensite' in 'field list'
in SYSTEMPATH\Database\MySQLi\Connection.php on line 300.
 1 SYSTEMPATH\Database\MySQLi\Connection.php(300): mysqli->query('SELECT `regimes`.*, `activites_sportives`.`nom` as `activite_nom`, `activites_sportives`.`intensite`
FROM `regimes`
LEFT JOIN `regime_activites` ON `regime_activites`.`regime_id` = `regimes`.`id`
LEFT JOIN `activites_sportives` ON `activites_sportives`.`id` = `regime_activites`.`activite_id`
WHERE `regimes`.`objectif_id` = 2
ORDER BY `regimes`.`id` ASC', 0)
 2 SYSTEMPATH\Database\BaseConnection.php(910): CodeIgniter\Database\MySQLi\Connection->execute('SELECT `regimes`.*, `activites_sportives`.`nom` as `activite_nom`, `activites_sportives`.`intensite`
FROM `regimes`
LEFT JOIN `regime_activites` ON `regime_activites`.`regime_id` = `regimes`.`id`
LEFT JOIN `activites_sportives` ON `activites_sportives`.`id` = `regime_activites`.`activite_id`
WHERE `regimes`.`objectif_id` = 2
ORDER BY `regimes`.`id` ASC')
 3 SYSTEMPATH\Database\BaseConnection.php(827): CodeIgniter\Database\BaseConnection->simpleQuery('SELECT `regimes`.*, `activites_sportives`.`nom` as `activite_nom`, `activites_sportives`.`intensite`
FROM `regimes`
LEFT JOIN `regime_activites` ON `regime_activites`.`regime_id` = `regimes`.`id`
LEFT JOIN `activites_sportives` ON `activites_sportives`.`id` = `regime_activites`.`activite_id`
WHERE `regimes`.`objectif_id` = 2
ORDER BY `regimes`.`id` ASC')
 4 SYSTEMPATH\Database\BaseBuilder.php(1649): CodeIgniter\Database\BaseConnection->query('SELECT `regimes`.*, `activites_sportives`.`nom` as `activite_nom`, `activites_sportives`.`intensite`
FROM `regimes`
LEFT JOIN `regime_activites` ON `regime_activites`.`regime_id` = `regimes`.`id`
LEFT JOIN `activites_sportives` ON `activites_sportives`.`id` = `regime_activites`.`activite_id`
WHERE `regimes`.`objectif_id` = :regimes.objectif_id:
ORDER BY `regimes`.`id` ASC', [...], false)
 5 APPPATH\Models\RegimeModel.php(29): CodeIgniter\Database\BaseBuilder->get()
 6 APPPATH\Controllers\Home.php(152): App\Models\RegimeModel->getSuggestionForObjectif(2)
 7 APPPATH\Controllers\Home.php(24): App\Controllers\Home->chargerDonneesUtilisateur(6)
 8 SYSTEMPATH\CodeIgniter.php(951): App\Controllers\Home->index()
 9 SYSTEMPATH\CodeIgniter.php(497): CodeIgniter\CodeIgniter->runController(Object(App\Controllers\Home))
10 SYSTEMPATH\CodeIgniter.php(340): CodeIgniter\CodeIgniter->handleRequest(null, Object(Config\Cache), false)
11 SYSTEMPATH\Boot.php(417): CodeIgniter\CodeIgniter->run()
12 SYSTEMPATH\Boot.php(68): CodeIgniter\Boot::runCodeIgniter(Object(CodeIgniter\CodeIgniter))
13 FCPATH\index.php(59): CodeIgniter\Boot::bootWeb(Object(Config\Paths))
ERROR - 2026-05-08 15:24:32 --> Unknown column 'activites_sportives.intensite' in 'field list'
in SYSTEMPATH\Database\MySQLi\Connection.php on line 300.
 1 SYSTEMPATH\Database\MySQLi\Connection.php(300): mysqli->query('SELECT `regimes`.*, `activites_sportives`.`nom` as `activite_nom`, `activites_sportives`.`intensite`
FROM `regimes`
LEFT JOIN `regime_activites` ON `regime_activites`.`regime_id` = `regimes`.`id`
LEFT JOIN `activites_sportives` ON `activites_sportives`.`id` = `regime_activites`.`activite_id`
WHERE `regimes`.`objectif_id` = 2
ORDER BY `regimes`.`id` ASC', 0)
 2 SYSTEMPATH\Database\BaseConnection.php(910): CodeIgniter\Database\MySQLi\Connection->execute('SELECT `regimes`.*, `activites_sportives`.`nom` as `activite_nom`, `activites_sportives`.`intensite`
FROM `regimes`
LEFT JOIN `regime_activites` ON `regime_activites`.`regime_id` = `regimes`.`id`
LEFT JOIN `activites_sportives` ON `activites_sportives`.`id` = `regime_activites`.`activite_id`
WHERE `regimes`.`objectif_id` = 2
ORDER BY `regimes`.`id` ASC')
 3 SYSTEMPATH\Database\BaseConnection.php(827): CodeIgniter\Database\BaseConnection->simpleQuery('SELECT `regimes`.*, `activites_sportives`.`nom` as `activite_nom`, `activites_sportives`.`intensite`
FROM `regimes`
LEFT JOIN `regime_activites` ON `regime_activites`.`regime_id` = `regimes`.`id`
LEFT JOIN `activites_sportives` ON `activites_sportives`.`id` = `regime_activites`.`activite_id`
WHERE `regimes`.`objectif_id` = 2
ORDER BY `regimes`.`id` ASC')
 4 SYSTEMPATH\Database\BaseBuilder.php(1649): CodeIgniter\Database\BaseConnection->query('SELECT `regimes`.*, `activites_sportives`.`nom` as `activite_nom`, `activites_sportives`.`intensite`
FROM `regimes`
LEFT JOIN `regime_activites` ON `regime_activites`.`regime_id` = `regimes`.`id`
LEFT JOIN `activites_sportives` ON `activites_sportives`.`id` = `regime_activites`.`activite_id`
WHERE `regimes`.`objectif_id` = :regimes.objectif_id:
ORDER BY `regimes`.`id` ASC', [...], false)
 5 APPPATH\Models\RegimeModel.php(29): CodeIgniter\Database\BaseBuilder->get()
 6 APPPATH\Controllers\Home.php(152): App\Models\RegimeModel->getSuggestionForObjectif(2)
 7 APPPATH\Controllers\Home.php(24): App\Controllers\Home->chargerDonneesUtilisateur(6)
 8 SYSTEMPATH\CodeIgniter.php(951): App\Controllers\Home->index()
 9 SYSTEMPATH\CodeIgniter.php(497): CodeIgniter\CodeIgniter->runController(Object(App\Controllers\Home))
10 SYSTEMPATH\CodeIgniter.php(340): CodeIgniter\CodeIgniter->handleRequest(null, Object(Config\Cache), false)
11 SYSTEMPATH\Boot.php(417): CodeIgniter\CodeIgniter->run()
12 SYSTEMPATH\Boot.php(68): CodeIgniter\Boot::runCodeIgniter(Object(CodeIgniter\CodeIgniter))
13 FCPATH\index.php(59): CodeIgniter\Boot::bootWeb(Object(Config\Paths))
CRITICAL - 2026-05-08 15:24:32 --> CodeIgniter\Database\Exceptions\DatabaseException: Unknown column 'activites_sportives.intensite' in 'field list'
[Method: GET, Route: home]
in SYSTEMPATH\Database\BaseConnection.php on line 865.
 1 SYSTEMPATH\Database\BaseBuilder.php(1649): CodeIgniter\Database\BaseConnection->query('SELECT `regimes`.*, `activites_sportives`.`nom` as `activite_nom`, `activites_sportives`.`intensite`
FROM `regimes`
LEFT JOIN `regime_activites` ON `regime_activites`.`regime_id` = `regimes`.`id`
LEFT JOIN `activites_sportives` ON `activites_sportives`.`id` = `regime_activites`.`activite_id`
WHERE `regimes`.`objectif_id` = :regimes.objectif_id:
ORDER BY `regimes`.`id` ASC', [...], false)
 2 APPPATH\Models\RegimeModel.php(29): CodeIgniter\Database\BaseBuilder->get()
 3 APPPATH\Controllers\Home.php(152): App\Models\RegimeModel->getSuggestionForObjectif(2)
 4 APPPATH\Controllers\Home.php(24): App\Controllers\Home->chargerDonneesUtilisateur(6)
 5 SYSTEMPATH\CodeIgniter.php(951): App\Controllers\Home->index()
 6 SYSTEMPATH\CodeIgniter.php(497): CodeIgniter\CodeIgniter->runController(Object(App\Controllers\Home))
 7 SYSTEMPATH\CodeIgniter.php(340): CodeIgniter\CodeIgniter->handleRequest(null, Object(Config\Cache), false)
 8 SYSTEMPATH\Boot.php(417): CodeIgniter\CodeIgniter->run()
 9 SYSTEMPATH\Boot.php(68): CodeIgniter\Boot::runCodeIgniter(Object(CodeIgniter\CodeIgniter))
10 FCPATH\index.php(59): CodeIgniter\Boot::bootWeb(Object(Config\Paths))
CRITICAL - 2026-05-08 15:24:32 --> [Caused by] CodeIgniter\Database\Exceptions\DatabaseException: Unknown column 'activites_sportives.intensite' in 'field list'
in SYSTEMPATH\Database\MySQLi\Connection.php on line 310.
 1 SYSTEMPATH\Database\BaseConnection.php(910): CodeIgniter\Database\MySQLi\Connection->execute('SELECT `regimes`.*, `activites_sportives`.`nom` as `activite_nom`, `activites_sportives`.`intensite`
FROM `regimes`
LEFT JOIN `regime_activites` ON `regime_activites`.`regime_id` = `regimes`.`id`
LEFT JOIN `activites_sportives` ON `activites_sportives`.`id` = `regime_activites`.`activite_id`
WHERE `regimes`.`objectif_id` = 2
ORDER BY `regimes`.`id` ASC')
 2 SYSTEMPATH\Database\BaseConnection.php(827): CodeIgniter\Database\BaseConnection->simpleQuery('SELECT `regimes`.*, `activites_sportives`.`nom` as `activite_nom`, `activites_sportives`.`intensite`
FROM `regimes`
LEFT JOIN `regime_activites` ON `regime_activites`.`regime_id` = `regimes`.`id`
LEFT JOIN `activites_sportives` ON `activites_sportives`.`id` = `regime_activites`.`activite_id`
WHERE `regimes`.`objectif_id` = 2
ORDER BY `regimes`.`id` ASC')
 3 SYSTEMPATH\Database\BaseBuilder.php(1649): CodeIgniter\Database\BaseConnection->query('SELECT `regimes`.*, `activites_sportives`.`nom` as `activite_nom`, `activites_sportives`.`intensite`
FROM `regimes`
LEFT JOIN `regime_activites` ON `regime_activites`.`regime_id` = `regimes`.`id`
LEFT JOIN `activites_sportives` ON `activites_sportives`.`id` = `regime_activites`.`activite_id`
WHERE `regimes`.`objectif_id` = :regimes.objectif_id:
ORDER BY `regimes`.`id` ASC', [...], false)
 4 APPPATH\Models\RegimeModel.php(29): CodeIgniter\Database\BaseBuilder->get()
 5 APPPATH\Controllers\Home.php(152): App\Models\RegimeModel->getSuggestionForObjectif(2)
 6 APPPATH\Controllers\Home.php(24): App\Controllers\Home->chargerDonneesUtilisateur(6)
 7 SYSTEMPATH\CodeIgniter.php(951): App\Controllers\Home->index()
 8 SYSTEMPATH\CodeIgniter.php(497): CodeIgniter\CodeIgniter->runController(Object(App\Controllers\Home))
 9 SYSTEMPATH\CodeIgniter.php(340): CodeIgniter\CodeIgniter->handleRequest(null, Object(Config\Cache), false)
10 SYSTEMPATH\Boot.php(417): CodeIgniter\CodeIgniter->run()
11 SYSTEMPATH\Boot.php(68): CodeIgniter\Boot::runCodeIgniter(Object(CodeIgniter\CodeIgniter))
12 FCPATH\index.php(59): CodeIgniter\Boot::bootWeb(Object(Config\Paths))
CRITICAL - 2026-05-08 15:24:32 --> [Caused by] mysqli_sql_exception: Unknown column 'activites_sportives.intensite' in 'field list'
in SYSTEMPATH\Database\MySQLi\Connection.php on line 300.
 1 SYSTEMPATH\Database\MySQLi\Connection.php(300): mysqli->query('SELECT `regimes`.*, `activites_sportives`.`nom` as `activite_nom`, `activites_sportives`.`intensite`
FROM `regimes`
LEFT JOIN `regime_activites` ON `regime_activites`.`regime_id` = `regimes`.`id`
LEFT JOIN `activites_sportives` ON `activites_sportives`.`id` = `regime_activites`.`activite_id`
WHERE `regimes`.`objectif_id` = 2
ORDER BY `regimes`.`id` ASC', 0)
 2 SYSTEMPATH\Database\BaseConnection.php(910): CodeIgniter\Database\MySQLi\Connection->execute('SELECT `regimes`.*, `activites_sportives`.`nom` as `activite_nom`, `activites_sportives`.`intensite`
FROM `regimes`
LEFT JOIN `regime_activites` ON `regime_activites`.`regime_id` = `regimes`.`id`
LEFT JOIN `activites_sportives` ON `activites_sportives`.`id` = `regime_activites`.`activite_id`
WHERE `regimes`.`objectif_id` = 2
ORDER BY `regimes`.`id` ASC')
 3 SYSTEMPATH\Database\BaseConnection.php(827): CodeIgniter\Database\BaseConnection->simpleQuery('SELECT `regimes`.*, `activites_sportives`.`nom` as `activite_nom`, `activites_sportives`.`intensite`
FROM `regimes`
LEFT JOIN `regime_activites` ON `regime_activites`.`regime_id` = `regimes`.`id`
LEFT JOIN `activites_sportives` ON `activites_sportives`.`id` = `regime_activites`.`activite_id`
WHERE `regimes`.`objectif_id` = 2
ORDER BY `regimes`.`id` ASC')
 4 SYSTEMPATH\Database\BaseBuilder.php(1649): CodeIgniter\Database\BaseConnection->query('SELECT `regimes`.*, `activites_sportives`.`nom` as `activite_nom`, `activites_sportives`.`intensite`
FROM `regimes`
LEFT JOIN `regime_activites` ON `regime_activites`.`regime_id` = `regimes`.`id`
LEFT JOIN `activites_sportives` ON `activites_sportives`.`id` = `regime_activites`.`activite_id`
WHERE `regimes`.`objectif_id` = :regimes.objectif_id:
ORDER BY `regimes`.`id` ASC', [...], false)
 5 APPPATH\Models\RegimeModel.php(29): CodeIgniter\Database\BaseBuilder->get()
 6 APPPATH\Controllers\Home.php(152): App\Models\RegimeModel->getSuggestionForObjectif(2)
 7 APPPATH\Controllers\Home.php(24): App\Controllers\Home->chargerDonneesUtilisateur(6)
 8 SYSTEMPATH\CodeIgniter.php(951): App\Controllers\Home->index()
 9 SYSTEMPATH\CodeIgniter.php(497): CodeIgniter\CodeIgniter->runController(Object(App\Controllers\Home))
10 SYSTEMPATH\CodeIgniter.php(340): CodeIgniter\CodeIgniter->handleRequest(null, Object(Config\Cache), false)
11 SYSTEMPATH\Boot.php(417): CodeIgniter\CodeIgniter->run()
12 SYSTEMPATH\Boot.php(68): CodeIgniter\Boot::runCodeIgniter(Object(CodeIgniter\CodeIgniter))
13 FCPATH\index.php(59): CodeIgniter\Boot::bootWeb(Object(Config\Paths))
ERROR - 2026-05-08 15:26:27 --> Unknown column 'activites_sportives.intensite' in 'field list'
in SYSTEMPATH\Database\MySQLi\Connection.php on line 300.
 1 SYSTEMPATH\Database\MySQLi\Connection.php(300): mysqli->query('SELECT `regimes`.*, `activites_sportives`.`nom` as `activite_nom`, `activites_sportives`.`intensite`
FROM `regimes`
LEFT JOIN `regime_activites` ON `regime_activites`.`regime_id` = `regimes`.`id`
LEFT JOIN `activites_sportives` ON `activites_sportives`.`id` = `regime_activites`.`activite_id`
WHERE `regimes`.`objectif_id` = 2
ORDER BY `regimes`.`id` ASC', 0)
 2 SYSTEMPATH\Database\BaseConnection.php(910): CodeIgniter\Database\MySQLi\Connection->execute('SELECT `regimes`.*, `activites_sportives`.`nom` as `activite_nom`, `activites_sportives`.`intensite`
FROM `regimes`
LEFT JOIN `regime_activites` ON `regime_activites`.`regime_id` = `regimes`.`id`
LEFT JOIN `activites_sportives` ON `activites_sportives`.`id` = `regime_activites`.`activite_id`
WHERE `regimes`.`objectif_id` = 2
ORDER BY `regimes`.`id` ASC')
 3 SYSTEMPATH\Database\BaseConnection.php(827): CodeIgniter\Database\BaseConnection->simpleQuery('SELECT `regimes`.*, `activites_sportives`.`nom` as `activite_nom`, `activites_sportives`.`intensite`
FROM `regimes`
LEFT JOIN `regime_activites` ON `regime_activites`.`regime_id` = `regimes`.`id`
LEFT JOIN `activites_sportives` ON `activites_sportives`.`id` = `regime_activites`.`activite_id`
WHERE `regimes`.`objectif_id` = 2
ORDER BY `regimes`.`id` ASC')
 4 SYSTEMPATH\Database\BaseBuilder.php(1649): CodeIgniter\Database\BaseConnection->query('SELECT `regimes`.*, `activites_sportives`.`nom` as `activite_nom`, `activites_sportives`.`intensite`
FROM `regimes`
LEFT JOIN `regime_activites` ON `regime_activites`.`regime_id` = `regimes`.`id`
LEFT JOIN `activites_sportives` ON `activites_sportives`.`id` = `regime_activites`.`activite_id`
WHERE `regimes`.`objectif_id` = :regimes.objectif_id:
ORDER BY `regimes`.`id` ASC', [...], false)
 5 APPPATH\Models\RegimeModel.php(29): CodeIgniter\Database\BaseBuilder->get()
 6 APPPATH\Controllers\Home.php(152): App\Models\RegimeModel->getSuggestionForObjectif(2)
 7 APPPATH\Controllers\Home.php(24): App\Controllers\Home->chargerDonneesUtilisateur(6)
 8 SYSTEMPATH\CodeIgniter.php(951): App\Controllers\Home->index()
 9 SYSTEMPATH\CodeIgniter.php(497): CodeIgniter\CodeIgniter->runController(Object(App\Controllers\Home))
10 SYSTEMPATH\CodeIgniter.php(340): CodeIgniter\CodeIgniter->handleRequest(null, Object(Config\Cache), false)
11 SYSTEMPATH\Boot.php(417): CodeIgniter\CodeIgniter->run()
12 SYSTEMPATH\Boot.php(68): CodeIgniter\Boot::runCodeIgniter(Object(CodeIgniter\CodeIgniter))
13 FCPATH\index.php(59): CodeIgniter\Boot::bootWeb(Object(Config\Paths))
CRITICAL - 2026-05-08 15:26:27 --> CodeIgniter\Database\Exceptions\DatabaseException: Unknown column 'activites_sportives.intensite' in 'field list'
[Method: GET, Route: home]
in SYSTEMPATH\Database\BaseConnection.php on line 865.
 1 SYSTEMPATH\Database\BaseBuilder.php(1649): CodeIgniter\Database\BaseConnection->query('SELECT `regimes`.*, `activites_sportives`.`nom` as `activite_nom`, `activites_sportives`.`intensite`
FROM `regimes`
LEFT JOIN `regime_activites` ON `regime_activites`.`regime_id` = `regimes`.`id`
LEFT JOIN `activites_sportives` ON `activites_sportives`.`id` = `regime_activites`.`activite_id`
WHERE `regimes`.`objectif_id` = :regimes.objectif_id:
ORDER BY `regimes`.`id` ASC', [...], false)
 2 APPPATH\Models\RegimeModel.php(29): CodeIgniter\Database\BaseBuilder->get()
 3 APPPATH\Controllers\Home.php(152): App\Models\RegimeModel->getSuggestionForObjectif(2)
 4 APPPATH\Controllers\Home.php(24): App\Controllers\Home->chargerDonneesUtilisateur(6)
 5 SYSTEMPATH\CodeIgniter.php(951): App\Controllers\Home->index()
 6 SYSTEMPATH\CodeIgniter.php(497): CodeIgniter\CodeIgniter->runController(Object(App\Controllers\Home))
 7 SYSTEMPATH\CodeIgniter.php(340): CodeIgniter\CodeIgniter->handleRequest(null, Object(Config\Cache), false)
 8 SYSTEMPATH\Boot.php(417): CodeIgniter\CodeIgniter->run()
 9 SYSTEMPATH\Boot.php(68): CodeIgniter\Boot::runCodeIgniter(Object(CodeIgniter\CodeIgniter))
10 FCPATH\index.php(59): CodeIgniter\Boot::bootWeb(Object(Config\Paths))
CRITICAL - 2026-05-08 15:26:27 --> [Caused by] CodeIgniter\Database\Exceptions\DatabaseException: Unknown column 'activites_sportives.intensite' in 'field list'
in SYSTEMPATH\Database\MySQLi\Connection.php on line 310.
 1 SYSTEMPATH\Database\BaseConnection.php(910): CodeIgniter\Database\MySQLi\Connection->execute('SELECT `regimes`.*, `activites_sportives`.`nom` as `activite_nom`, `activites_sportives`.`intensite`
FROM `regimes`
LEFT JOIN `regime_activites` ON `regime_activites`.`regime_id` = `regimes`.`id`
LEFT JOIN `activites_sportives` ON `activites_sportives`.`id` = `regime_activites`.`activite_id`
WHERE `regimes`.`objectif_id` = 2
ORDER BY `regimes`.`id` ASC')
 2 SYSTEMPATH\Database\BaseConnection.php(827): CodeIgniter\Database\BaseConnection->simpleQuery('SELECT `regimes`.*, `activites_sportives`.`nom` as `activite_nom`, `activites_sportives`.`intensite`
FROM `regimes`
LEFT JOIN `regime_activites` ON `regime_activites`.`regime_id` = `regimes`.`id`
LEFT JOIN `activites_sportives` ON `activites_sportives`.`id` = `regime_activites`.`activite_id`
WHERE `regimes`.`objectif_id` = 2
ORDER BY `regimes`.`id` ASC')
 3 SYSTEMPATH\Database\BaseBuilder.php(1649): CodeIgniter\Database\BaseConnection->query('SELECT `regimes`.*, `activites_sportives`.`nom` as `activite_nom`, `activites_sportives`.`intensite`
FROM `regimes`
LEFT JOIN `regime_activites` ON `regime_activites`.`regime_id` = `regimes`.`id`
LEFT JOIN `activites_sportives` ON `activites_sportives`.`id` = `regime_activites`.`activite_id`
WHERE `regimes`.`objectif_id` = :regimes.objectif_id:
ORDER BY `regimes`.`id` ASC', [...], false)
 4 APPPATH\Models\RegimeModel.php(29): CodeIgniter\Database\BaseBuilder->get()
 5 APPPATH\Controllers\Home.php(152): App\Models\RegimeModel->getSuggestionForObjectif(2)
 6 APPPATH\Controllers\Home.php(24): App\Controllers\Home->chargerDonneesUtilisateur(6)
 7 SYSTEMPATH\CodeIgniter.php(951): App\Controllers\Home->index()
 8 SYSTEMPATH\CodeIgniter.php(497): CodeIgniter\CodeIgniter->runController(Object(App\Controllers\Home))
 9 SYSTEMPATH\CodeIgniter.php(340): CodeIgniter\CodeIgniter->handleRequest(null, Object(Config\Cache), false)
10 SYSTEMPATH\Boot.php(417): CodeIgniter\CodeIgniter->run()
11 SYSTEMPATH\Boot.php(68): CodeIgniter\Boot::runCodeIgniter(Object(CodeIgniter\CodeIgniter))
12 FCPATH\index.php(59): CodeIgniter\Boot::bootWeb(Object(Config\Paths))
CRITICAL - 2026-05-08 15:26:27 --> [Caused by] mysqli_sql_exception: Unknown column 'activites_sportives.intensite' in 'field list'
in SYSTEMPATH\Database\MySQLi\Connection.php on line 300.
 1 SYSTEMPATH\Database\MySQLi\Connection.php(300): mysqli->query('SELECT `regimes`.*, `activites_sportives`.`nom` as `activite_nom`, `activites_sportives`.`intensite`
FROM `regimes`
LEFT JOIN `regime_activites` ON `regime_activites`.`regime_id` = `regimes`.`id`
LEFT JOIN `activites_sportives` ON `activites_sportives`.`id` = `regime_activites`.`activite_id`
WHERE `regimes`.`objectif_id` = 2
ORDER BY `regimes`.`id` ASC', 0)
 2 SYSTEMPATH\Database\BaseConnection.php(910): CodeIgniter\Database\MySQLi\Connection->execute('SELECT `regimes`.*, `activites_sportives`.`nom` as `activite_nom`, `activites_sportives`.`intensite`
FROM `regimes`
LEFT JOIN `regime_activites` ON `regime_activites`.`regime_id` = `regimes`.`id`
LEFT JOIN `activites_sportives` ON `activites_sportives`.`id` = `regime_activites`.`activite_id`
WHERE `regimes`.`objectif_id` = 2
ORDER BY `regimes`.`id` ASC')
 3 SYSTEMPATH\Database\BaseConnection.php(827): CodeIgniter\Database\BaseConnection->simpleQuery('SELECT `regimes`.*, `activites_sportives`.`nom` as `activite_nom`, `activites_sportives`.`intensite`
FROM `regimes`
LEFT JOIN `regime_activites` ON `regime_activites`.`regime_id` = `regimes`.`id`
LEFT JOIN `activites_sportives` ON `activites_sportives`.`id` = `regime_activites`.`activite_id`
WHERE `regimes`.`objectif_id` = 2
ORDER BY `regimes`.`id` ASC')
 4 SYSTEMPATH\Database\BaseBuilder.php(1649): CodeIgniter\Database\BaseConnection->query('SELECT `regimes`.*, `activites_sportives`.`nom` as `activite_nom`, `activites_sportives`.`intensite`
FROM `regimes`
LEFT JOIN `regime_activites` ON `regime_activites`.`regime_id` = `regimes`.`id`
LEFT JOIN `activites_sportives` ON `activites_sportives`.`id` = `regime_activites`.`activite_id`
WHERE `regimes`.`objectif_id` = :regimes.objectif_id:
ORDER BY `regimes`.`id` ASC', [...], false)
 5 APPPATH\Models\RegimeModel.php(29): CodeIgniter\Database\BaseBuilder->get()
 6 APPPATH\Controllers\Home.php(152): App\Models\RegimeModel->getSuggestionForObjectif(2)
 7 APPPATH\Controllers\Home.php(24): App\Controllers\Home->chargerDonneesUtilisateur(6)
 8 SYSTEMPATH\CodeIgniter.php(951): App\Controllers\Home->index()
 9 SYSTEMPATH\CodeIgniter.php(497): CodeIgniter\CodeIgniter->runController(Object(App\Controllers\Home))
10 SYSTEMPATH\CodeIgniter.php(340): CodeIgniter\CodeIgniter->handleRequest(null, Object(Config\Cache), false)
11 SYSTEMPATH\Boot.php(417): CodeIgniter\CodeIgniter->run()
12 SYSTEMPATH\Boot.php(68): CodeIgniter\Boot::runCodeIgniter(Object(CodeIgniter\CodeIgniter))
13 FCPATH\index.php(59): CodeIgniter\Boot::bootWeb(Object(Config\Paths))
ERROR - 2026-05-08 15:27:11 --> Unknown column 'activites_sportives.intensite' in 'field list'
in SYSTEMPATH\Database\MySQLi\Connection.php on line 300.
 1 SYSTEMPATH\Database\MySQLi\Connection.php(300): mysqli->query('SELECT `regimes`.*, `activites_sportives`.`nom` as `activite_nom`, `activites_sportives`.`intensite`
FROM `regimes`
LEFT JOIN `regime_activites` ON `regime_activites`.`regime_id` = `regimes`.`id`
LEFT JOIN `activites_sportives` ON `activites_sportives`.`id` = `regime_activites`.`activite_id`
WHERE `regimes`.`objectif_id` = 3
ORDER BY `regimes`.`id` ASC', 0)
 2 SYSTEMPATH\Database\BaseConnection.php(910): CodeIgniter\Database\MySQLi\Connection->execute('SELECT `regimes`.*, `activites_sportives`.`nom` as `activite_nom`, `activites_sportives`.`intensite`
FROM `regimes`
LEFT JOIN `regime_activites` ON `regime_activites`.`regime_id` = `regimes`.`id`
LEFT JOIN `activites_sportives` ON `activites_sportives`.`id` = `regime_activites`.`activite_id`
WHERE `regimes`.`objectif_id` = 3
ORDER BY `regimes`.`id` ASC')
 3 SYSTEMPATH\Database\BaseConnection.php(827): CodeIgniter\Database\BaseConnection->simpleQuery('SELECT `regimes`.*, `activites_sportives`.`nom` as `activite_nom`, `activites_sportives`.`intensite`
FROM `regimes`
LEFT JOIN `regime_activites` ON `regime_activites`.`regime_id` = `regimes`.`id`
LEFT JOIN `activites_sportives` ON `activites_sportives`.`id` = `regime_activites`.`activite_id`
WHERE `regimes`.`objectif_id` = 3
ORDER BY `regimes`.`id` ASC')
 4 SYSTEMPATH\Database\BaseBuilder.php(1649): CodeIgniter\Database\BaseConnection->query('SELECT `regimes`.*, `activites_sportives`.`nom` as `activite_nom`, `activites_sportives`.`intensite`
FROM `regimes`
LEFT JOIN `regime_activites` ON `regime_activites`.`regime_id` = `regimes`.`id`
LEFT JOIN `activites_sportives` ON `activites_sportives`.`id` = `regime_activites`.`activite_id`
WHERE `regimes`.`objectif_id` = :regimes.objectif_id:
ORDER BY `regimes`.`id` ASC', [...], false)
 5 APPPATH\Models\RegimeModel.php(29): CodeIgniter\Database\BaseBuilder->get()
 6 APPPATH\Controllers\Home.php(152): App\Models\RegimeModel->getSuggestionForObjectif(3)
 7 APPPATH\Controllers\Home.php(24): App\Controllers\Home->chargerDonneesUtilisateur(2)
 8 SYSTEMPATH\CodeIgniter.php(951): App\Controllers\Home->index()
 9 SYSTEMPATH\CodeIgniter.php(497): CodeIgniter\CodeIgniter->runController(Object(App\Controllers\Home))
10 SYSTEMPATH\CodeIgniter.php(340): CodeIgniter\CodeIgniter->handleRequest(null, Object(Config\Cache), false)
11 SYSTEMPATH\Boot.php(417): CodeIgniter\CodeIgniter->run()
12 SYSTEMPATH\Boot.php(68): CodeIgniter\Boot::runCodeIgniter(Object(CodeIgniter\CodeIgniter))
13 FCPATH\index.php(59): CodeIgniter\Boot::bootWeb(Object(Config\Paths))
CRITICAL - 2026-05-08 15:27:11 --> CodeIgniter\Database\Exceptions\DatabaseException: Unknown column 'activites_sportives.intensite' in 'field list'
[Method: GET, Route: home]
in SYSTEMPATH\Database\BaseConnection.php on line 865.
 1 SYSTEMPATH\Database\BaseBuilder.php(1649): CodeIgniter\Database\BaseConnection->query('SELECT `regimes`.*, `activites_sportives`.`nom` as `activite_nom`, `activites_sportives`.`intensite`
FROM `regimes`
LEFT JOIN `regime_activites` ON `regime_activites`.`regime_id` = `regimes`.`id`
LEFT JOIN `activites_sportives` ON `activites_sportives`.`id` = `regime_activites`.`activite_id`
WHERE `regimes`.`objectif_id` = :regimes.objectif_id:
ORDER BY `regimes`.`id` ASC', [...], false)
 2 APPPATH\Models\RegimeModel.php(29): CodeIgniter\Database\BaseBuilder->get()
 3 APPPATH\Controllers\Home.php(152): App\Models\RegimeModel->getSuggestionForObjectif(3)
 4 APPPATH\Controllers\Home.php(24): App\Controllers\Home->chargerDonneesUtilisateur(2)
 5 SYSTEMPATH\CodeIgniter.php(951): App\Controllers\Home->index()
 6 SYSTEMPATH\CodeIgniter.php(497): CodeIgniter\CodeIgniter->runController(Object(App\Controllers\Home))
 7 SYSTEMPATH\CodeIgniter.php(340): CodeIgniter\CodeIgniter->handleRequest(null, Object(Config\Cache), false)
 8 SYSTEMPATH\Boot.php(417): CodeIgniter\CodeIgniter->run()
 9 SYSTEMPATH\Boot.php(68): CodeIgniter\Boot::runCodeIgniter(Object(CodeIgniter\CodeIgniter))
10 FCPATH\index.php(59): CodeIgniter\Boot::bootWeb(Object(Config\Paths))
CRITICAL - 2026-05-08 15:27:11 --> [Caused by] CodeIgniter\Database\Exceptions\DatabaseException: Unknown column 'activites_sportives.intensite' in 'field list'
in SYSTEMPATH\Database\MySQLi\Connection.php on line 310.
 1 SYSTEMPATH\Database\BaseConnection.php(910): CodeIgniter\Database\MySQLi\Connection->execute('SELECT `regimes`.*, `activites_sportives`.`nom` as `activite_nom`, `activites_sportives`.`intensite`
FROM `regimes`
LEFT JOIN `regime_activites` ON `regime_activites`.`regime_id` = `regimes`.`id`
LEFT JOIN `activites_sportives` ON `activites_sportives`.`id` = `regime_activites`.`activite_id`
WHERE `regimes`.`objectif_id` = 3
ORDER BY `regimes`.`id` ASC')
 2 SYSTEMPATH\Database\BaseConnection.php(827): CodeIgniter\Database\BaseConnection->simpleQuery('SELECT `regimes`.*, `activites_sportives`.`nom` as `activite_nom`, `activites_sportives`.`intensite`
FROM `regimes`
LEFT JOIN `regime_activites` ON `regime_activites`.`regime_id` = `regimes`.`id`
LEFT JOIN `activites_sportives` ON `activites_sportives`.`id` = `regime_activites`.`activite_id`
WHERE `regimes`.`objectif_id` = 3
ORDER BY `regimes`.`id` ASC')
 3 SYSTEMPATH\Database\BaseBuilder.php(1649): CodeIgniter\Database\BaseConnection->query('SELECT `regimes`.*, `activites_sportives`.`nom` as `activite_nom`, `activites_sportives`.`intensite`
FROM `regimes`
LEFT JOIN `regime_activites` ON `regime_activites`.`regime_id` = `regimes`.`id`
LEFT JOIN `activites_sportives` ON `activites_sportives`.`id` = `regime_activites`.`activite_id`
WHERE `regimes`.`objectif_id` = :regimes.objectif_id:
ORDER BY `regimes`.`id` ASC', [...], false)
 4 APPPATH\Models\RegimeModel.php(29): CodeIgniter\Database\BaseBuilder->get()
 5 APPPATH\Controllers\Home.php(152): App\Models\RegimeModel->getSuggestionForObjectif(3)
 6 APPPATH\Controllers\Home.php(24): App\Controllers\Home->chargerDonneesUtilisateur(2)
 7 SYSTEMPATH\CodeIgniter.php(951): App\Controllers\Home->index()
 8 SYSTEMPATH\CodeIgniter.php(497): CodeIgniter\CodeIgniter->runController(Object(App\Controllers\Home))
 9 SYSTEMPATH\CodeIgniter.php(340): CodeIgniter\CodeIgniter->handleRequest(null, Object(Config\Cache), false)
10 SYSTEMPATH\Boot.php(417): CodeIgniter\CodeIgniter->run()
11 SYSTEMPATH\Boot.php(68): CodeIgniter\Boot::runCodeIgniter(Object(CodeIgniter\CodeIgniter))
12 FCPATH\index.php(59): CodeIgniter\Boot::bootWeb(Object(Config\Paths))
CRITICAL - 2026-05-08 15:27:11 --> [Caused by] mysqli_sql_exception: Unknown column 'activites_sportives.intensite' in 'field list'
in SYSTEMPATH\Database\MySQLi\Connection.php on line 300.
 1 SYSTEMPATH\Database\MySQLi\Connection.php(300): mysqli->query('SELECT `regimes`.*, `activites_sportives`.`nom` as `activite_nom`, `activites_sportives`.`intensite`
FROM `regimes`
LEFT JOIN `regime_activites` ON `regime_activites`.`regime_id` = `regimes`.`id`
LEFT JOIN `activites_sportives` ON `activites_sportives`.`id` = `regime_activites`.`activite_id`
WHERE `regimes`.`objectif_id` = 3
ORDER BY `regimes`.`id` ASC', 0)
 2 SYSTEMPATH\Database\BaseConnection.php(910): CodeIgniter\Database\MySQLi\Connection->execute('SELECT `regimes`.*, `activites_sportives`.`nom` as `activite_nom`, `activites_sportives`.`intensite`
FROM `regimes`
LEFT JOIN `regime_activites` ON `regime_activites`.`regime_id` = `regimes`.`id`
LEFT JOIN `activites_sportives` ON `activites_sportives`.`id` = `regime_activites`.`activite_id`
WHERE `regimes`.`objectif_id` = 3
ORDER BY `regimes`.`id` ASC')
 3 SYSTEMPATH\Database\BaseConnection.php(827): CodeIgniter\Database\BaseConnection->simpleQuery('SELECT `regimes`.*, `activites_sportives`.`nom` as `activite_nom`, `activites_sportives`.`intensite`
FROM `regimes`
LEFT JOIN `regime_activites` ON `regime_activites`.`regime_id` = `regimes`.`id`
LEFT JOIN `activites_sportives` ON `activites_sportives`.`id` = `regime_activites`.`activite_id`
WHERE `regimes`.`objectif_id` = 3
ORDER BY `regimes`.`id` ASC')
 4 SYSTEMPATH\Database\BaseBuilder.php(1649): CodeIgniter\Database\BaseConnection->query('SELECT `regimes`.*, `activites_sportives`.`nom` as `activite_nom`, `activites_sportives`.`intensite`
FROM `regimes`
LEFT JOIN `regime_activites` ON `regime_activites`.`regime_id` = `regimes`.`id`
LEFT JOIN `activites_sportives` ON `activites_sportives`.`id` = `regime_activites`.`activite_id`
WHERE `regimes`.`objectif_id` = :regimes.objectif_id:
ORDER BY `regimes`.`id` ASC', [...], false)
 5 APPPATH\Models\RegimeModel.php(29): CodeIgniter\Database\BaseBuilder->get()
 6 APPPATH\Controllers\Home.php(152): App\Models\RegimeModel->getSuggestionForObjectif(3)
 7 APPPATH\Controllers\Home.php(24): App\Controllers\Home->chargerDonneesUtilisateur(2)
 8 SYSTEMPATH\CodeIgniter.php(951): App\Controllers\Home->index()
 9 SYSTEMPATH\CodeIgniter.php(497): CodeIgniter\CodeIgniter->runController(Object(App\Controllers\Home))
10 SYSTEMPATH\CodeIgniter.php(340): CodeIgniter\CodeIgniter->handleRequest(null, Object(Config\Cache), false)
11 SYSTEMPATH\Boot.php(417): CodeIgniter\CodeIgniter->run()
12 SYSTEMPATH\Boot.php(68): CodeIgniter\Boot::runCodeIgniter(Object(CodeIgniter\CodeIgniter))
13 FCPATH\index.php(59): CodeIgniter\Boot::bootWeb(Object(Config\Paths))
